Component: ARM Compiler 5.06 update 2 (build 183) Tool: armlink [4d35b7]

==============================================================================

Section Cross References

    main.o(.text) refers to init.o(.text) for All_Init
    main.o(.text) refers to scheduler.o(.text) for Duty_Loop
    main.o(.text) refers to main.o(.data) for Init_Finish
    stm32f4xx_it.o(.text) refers to time.o(.text) for sys_time
    stm32f4xx_it.o(.text) refers to pwm_in.o(.text) for _TIM3_IRQHandler
    stm32f4xx_it.o(.text) refers to usart.o(.text) for Usart2_IRQ
    stm32f4xx_it.o(.text) refers to time.o(.data) for sysTickUptime
    scheduler.o(.text) refers to led.o(.text) for LED_1ms_DRV
    scheduler.o(.text) refers to time.o(.text) for Get_Cycle_T
    scheduler.o(.text) refers to data_transfer.o(.text) for ANO_DT_Data_Exchange
    scheduler.o(.text) refers to mpu6050.o(.text) for MPU6050_Read
    scheduler.o(.text) refers to imu.o(.text) for IMUupdate
    scheduler.o(.text) refers to ctrl.o(.text) for CTRL_1
    scheduler.o(.text) refers to rc.o(.text) for RC_Duty
    scheduler.o(.text) refers to ak8975.o(.text) for ANO_AK8975_Read
    scheduler.o(.text) refers to parameter.o(.text) for Parameter_Save
    scheduler.o(.text) refers to fly_mode.o(.text) for mode_check
    scheduler.o(.text) refers to ultrasonic.o(.text) for Ultra_Duty
    scheduler.o(.text) refers to scheduler.o(.bss) for loop
    scheduler.o(.text) refers to mpu6050.o(.bss) for mpu6050
    scheduler.o(.text) refers to imu.o(.data) for Yaw
    scheduler.o(.text) refers to pwm_in.o(.bss) for Rc_Pwm_In
    scheduler.o(.text) refers to fly_mode.o(.bss) for mode_value
    scheduler.o(.text) refers to rc.o(.bss) for CH_filter
    scheduler.o(.text) refers to time.o(.data) for time_1ms
    scheduler.o(.text) refers to scheduler.o(.data) for loop_cnt
    init.o(.text) refers to misc.o(.text) for NVIC_PriorityGroupConfig
    init.o(.text) refers to time.o(.text) for SysTick_Configuration
    init.o(.text) refers to i2c_soft.o(.text) for I2c_Soft_Init
    init.o(.text) refers to pwm_in.o(.text) for PWM_IN_Init
    init.o(.text) refers to pwm_out.o(.text) for PWM_Out_Init
    init.o(.text) refers to usbd_user_hid.o(.text) for Usb_Hid_Init
    init.o(.text) refers to ms5611.o(.text) for MS5611_Init
    init.o(.text) refers to mpu6050.o(.text) for MPU6050_Init
    init.o(.text) refers to led.o(.text) for LED_Init
    init.o(.text) refers to usart.o(.text) for Usart2_Init
    init.o(.text) refers to parameter.o(.text) for Para_Init
    init.o(.text) refers to ultrasonic.o(.text) for Ultrasonic_Init
    init.o(.text) refers to mpu6050.o(.data) for mpu6050_ok
    init.o(.text) refers to ak8975.o(.data) for ak8975_ok
    init.o(.text) refers to ms5611.o(.data) for ms5611_ok
    parameter.o(.text) refers to ff.o(.text) for f_mount
    parameter.o(.text) refers to ctrl.o(.text) for Ctrl_Para_Init
    parameter.o(.text) refers to height_ctrl.o(.text) for h_pid_init
    parameter.o(.text) refers to parameter.o(.bss) for fs
    parameter.o(.text) refers to mpu6050.o(.bss) for mpu6050
    parameter.o(.text) refers to ak8975.o(.data) for ak8975
    parameter.o(.text) refers to ctrl.o(.bss) for ctrl_1
    parameter.o(.text) refers to parameter.o(.data) for flash_init_error
    parameter.o(.text) refers to data_transfer.o(.data) for flash_save_en_cnt
    parameter.o(.text) refers to rc.o(.data) for fly_ready
    ctrl.o(.text) refers to mymath.o(.text) for my_deathzoom
    ctrl.o(.text) refers to f2d.o(.text) for __aeabi_f2d
    ctrl.o(.text) refers to dmul.o(.text) for __aeabi_dmul
    ctrl.o(.text) refers to dadd.o(.text) for __aeabi_dadd
    ctrl.o(.text) refers to d2f.o(.text) for __aeabi_d2f
    ctrl.o(.text) refers to ctrl.o(.bss) for ctrl_1
    ctrl.o(.text) refers to rc.o(.bss) for CH_filter
    ctrl.o(.text) refers to ctrl.o(.data) for Thr_Low
    ctrl.o(.text) refers to imu.o(.data) for Yaw
    ctrl.o(.text) refers to rc.o(.data) for fly_ready
    ctrl.o(.text) refers to pwm_out.o(.text) for SetPwm
    ctrl.o(.text) refers to height_ctrl.o(.text) for Height_Ctrl
    ctrl.o(.text) refers to fly_mode.o(.bss) for mode_value
    ctrl.o(.text) refers to mpu6050.o(.bss) for mpu6050
    imu.o(.text) refers to mymath.o(.text) for my_sqrt
    imu.o(.text) refers to filter.o(.text) for simple_3d_trans
    imu.o(.text) refers to ak8975.o(.data) for ak8975
    imu.o(.text) refers to imu.o(.data) for mag_norm_xyz
    imu.o(.text) refers to imu.o(.bss) for mag_tmp
    imu.o(.text) refers to rc.o(.data) for fly_ready
    imu.o(.text) refers to f2d.o(.text) for __aeabi_f2d
    imu.o(.text) refers to asin.o(i.__hardfp_asin) for __hardfp_asin
    imu.o(.text) refers to dmul.o(.text) for __aeabi_dmul
    imu.o(.text) refers to d2f.o(.text) for __aeabi_d2f
    mymath.o(.text) refers to cdcmple.o(.text) for __aeabi_cdcmple
    mymath.o(.text) refers to dmul.o(.text) for __aeabi_dmul
    mymath.o(.text) refers to dadd.o(.text) for __aeabi_dadd
[...]
    SetPwm                                   0x080078bf   Thumb Code   124  pwm_out.o(.text)
    I2c_Soft_delay                           0x08007961   Thumb Code    42  i2c_soft.o(.text)
    I2c_Soft_Init                            0x0800798b   Thumb Code    46  i2c_soft.o(.text)
    I2c_Soft_Start                           0x080079b9   Thumb Code    86  i2c_soft.o(.text)
    I2c_Soft_Stop                            0x08007a0f   Thumb Code    52  i2c_soft.o(.text)
    I2c_Soft_Ask                             0x08007a43   Thumb Code    52  i2c_soft.o(.text)
    I2c_Soft_NoAsk                           0x08007a77   Thumb Code    52  i2c_soft.o(.text)
    I2c_Soft_WaitAsk                         0x08007aab   Thumb Code    88  i2c_soft.o(.text)
    I2c_Soft_SendByte                        0x08007b03   Thumb Code    84  i2c_soft.o(.text)
    I2c_Soft_ReadByte                        0x08007b57   Thumb Code    96  i2c_soft.o(.text)
    IIC_Write_1Byte                          0x08007bb7   Thumb Code    62  i2c_soft.o(.text)
    IIC_Read_1Byte                           0x08007bf5   Thumb Code    80  i2c_soft.o(.text)
    IIC_Write_nByte                          0x08007c45   Thumb Code    78  i2c_soft.o(.text)
    IIC_Read_nByte                           0x08007c93   Thumb Code   108  i2c_soft.o(.text)
    MPU6050_Read                             0x08007d09   Thumb Code    22  mpu6050.o(.text)
    IICwriteBit                              0x08007d1f   Thumb Code    78  mpu6050.o(.text)
    IICwriteBits                             0x08007d6d   Thumb Code   102  mpu6050.o(.text)
    MPU6050_set_SMPLRT_DIV                   0x08007dd3   Thumb Code    28  mpu6050.o(.text)
    MPU6050_setClockSource                   0x08007def   Thumb Code    20  mpu6050.o(.text)
    MPU6050_setFullScaleGyroRange            0x08007e03   Thumb Code    36  mpu6050.o(.text)
    MPU6050_setFullScaleAccelRange           0x08007e27   Thumb Code    36  mpu6050.o(.text)
    MPU6050_setSleepEnabled                  0x08007e4b   Thumb Code    18  mpu6050.o(.text)
    MPU6050_setI2CMasterModeEnabled          0x08007e5d   Thumb Code    18  mpu6050.o(.text)
    MPU6050_setI2CBypassEnabled              0x08007e6f   Thumb Code    18  mpu6050.o(.text)
    MPU6050_setDLPF                          0x08007e81   Thumb Code    20  mpu6050.o(.text)
    MPU6050_INT_Config                       0x08007e95   Thumb Code    56  mpu6050.o(.text)
    MPU6050_Init                             0x08007ecd   Thumb Code   184  mpu6050.o(.text)
    MPU6050_Data_Offset                      0x08007f85   Thumb Code   650  mpu6050.o(.text)
    Transform                                0x0800820f   Thumb Code    14  mpu6050.o(.text)
    MPU6050_Data_Prepare                     0x0800821d   Thumb Code  1176  mpu6050.o(.text)
    ANO_AK8975_Run                           0x080086c5   Thumb Code    22  ak8975.o(.text)
    XYZ_STRUCT_COPY                          0x080086db   Thumb Code    40  ak8975.o(.text)
    ANO_AK8975_CalOffset_Mag                 0x08008703   Thumb Code   760  ak8975.o(.text)
    ANO_AK8975_Read_Mag_Data                 0x080089fb   Thumb Code   274  ak8975.o(.text)
    ANO_AK8975_Get_Mag                       0x08008b0d   Thumb Code    16  ak8975.o(.text)
    ANO_AK8975_Read                          0x08008b1d   Thumb Code     8  ak8975.o(.text)
    LED_Init                                 0x08008b29   Thumb Code    74  led.o(.text)
    double_flash                             0x08008b73   Thumb Code   102  led.o(.text)
    aircraft_mode_led                        0x08008bd9   Thumb Code    44  led.o(.text)
    LED_1ms_DRV                              0x08008c05   Thumb Code   180  led.o(.text)
    led_breath                               0x08008cb9   Thumb Code   288  led.o(.text)
    led_flash                                0x08008dd9   Thumb Code   206  led.o(.text)
    led_cnt_restar                           0x08008ea7   Thumb Code    42  led.o(.text)
    led_cnt_res_check                        0x08008ed1   Thumb Code    28  led.o(.text)
    LED_Duty                                 0x08008eed   Thumb Code  1438  led.o(.text)
    LED_MPU_Err                              0x0800948b   Thumb Code    46  led.o(.text)
    LED_Mag_Err                              0x080094b9   Thumb Code    72  led.o(.text)
    LED_MS5611_Err                           0x08009501   Thumb Code    96  led.o(.text)
    MS5611_Reset                             0x08009569   Thumb Code    14  ms5611.o(.text)
    MS5611_Read_Prom                         0x08009577   Thumb Code    72  ms5611.o(.text)
    MS5611_Read_Adc_T                        0x080095bf   Thumb Code    16  ms5611.o(.text)
    MS5611_Read_Adc_P                        0x080095cf   Thumb Code    16  ms5611.o(.text)
    MS5611_Start_T                           0x080095df   Thumb Code    14  ms5611.o(.text)
    MS5611_Start_P                           0x080095ed   Thumb Code    14  ms5611.o(.text)
    MS5611_Init                              0x080095fb   Thumb Code    40  ms5611.o(.text)
    MS5611_BaroAltCalculate                  0x08009623   Thumb Code   646  ms5611.o(.text)
    MS5611_Update                            0x080098a9   Thumb Code    48  ms5611.o(.text)
    Usart2_Init                              0x08009939   Thumb Code   230  usart.o(.text)
    Usart2_IRQ                               0x08009a1f   Thumb Code   120  usart.o(.text)
    Usart2_Send                              0x08009a97   Thumb Code    62  usart.o(.text)
    Uart5_Init                               0x08009ad5   Thumb Code   206  usart.o(.text)
    Uart5_IRQ                                0x08009ba3   Thumb Code    94  usart.o(.text)
    Uart5_Send                               0x08009c01   Thumb Code    60  usart.o(.text)
    usbd_stm32_delay                         0x08009c65   Thumb Code    40  usbd_stm32f4xx_fs.o(.text)
    USBD_IntrEna                             0x08009c8d   Thumb Code    26  usbd_stm32f4xx_fs.o(.text)
    USBD_Init                                0x08009ca7   Thumb Code   462  usbd_stm32f4xx_fs.o(.text)
    USBD_Connect                             0x08009e75   Thumb Code    62  usbd_stm32f4xx_fs.o(.text)
    USBD_SetAddress                          0x08009eb3   Thumb Code    24  usbd_stm32f4xx_fs.o(.text)
    USBD_Reset                               0x08009ecb   Thumb Code   192  usbd_stm32f4xx_fs.o(.text)
    USBD_Suspend                             0x08009f8b   Thumb Code     2  usbd_stm32f4xx_fs.o(.text)
    USBD_Resume                              0x08009f8d   Thumb Code     2  usbd_stm32f4xx_fs.o(.text)
    USBD_WakeUp                              0x08009f8f   Thumb Code    34  usbd_stm32f4xx_fs.o(.text)
    USBD_WakeUpCfg                           0x08009fb1   Thumb Code     2  usbd_stm32f4xx_fs.o(.text)
    USBD_Configure                           0x08009fef   Thumb Code    14  usbd_stm32f4xx_fs.o(.text)
    USBD_ConfigEP                            0x08009ffd   Thumb Code   250  usbd_stm32f4xx_fs.o(.text)
    USBD_DirCtrlEP                           0x0800a0f7   Thumb Code     2  usbd_stm32f4xx_fs.o(.text)
    USBD_EnableEP                            0x0800a0f9   Thumb Code   200  usbd_stm32f4xx_fs.o(.text)
    USBD_DisableEP                           0x0800a1c1   Thumb Code   418  usbd_stm32f4xx_fs.o(.text)
    USBD_GetFrame                            0x0800a363   Thumb Code    12  usbd_stm32f4xx_fs.o(.text)
    USBD_ResetEP                             0x0800a36f   Thumb Code   206  usbd_stm32f4xx_fs.o(.text)
    USBD_SetStallEP                          0x0800a43d   Thumb Code   268  usbd_stm32f4xx_fs.o(.text)
    USBD_ClrStallEP                          0x0800a549   Thumb Code   186  usbd_stm32f4xx_fs.o(.text)
    USBD_ClearEPBuf                          0x0800a603   Thumb Code    70  usbd_stm32f4xx_fs.o(.text)
    USBD_ReadEP                              0x0800a649   Thumb Code   200  usbd_stm32f4xx_fs.o(.text)
    USBD_WriteEP                             0x0800a711   Thumb Code   368  usbd_stm32f4xx_fs.o(.text)
    OTG_FS_IRQHandler                        0x0800a881   Thumb Code  1660  usbd_stm32f4xx_fs.o(.text)
    Flash_Init                               0x0800afe9   Thumb Code   370  drv_w25qxx.o(.text)
    Flash_SectorErase                        0x0800b1c9   Thumb Code    66  drv_w25qxx.o(.text)
    Flash_PageWrite                          0x0800b20b   Thumb Code    84  drv_w25qxx.o(.text)
    Flash_PageRead                           0x0800b25f   Thumb Code    78  drv_w25qxx.o(.text)
    Flash_SectorsRead                        0x0800b2ad   Thumb Code    52  drv_w25qxx.o(.text)
    Flash_SectorsWrite                       0x0800b2e1   Thumb Code   118  drv_w25qxx.o(.text)
    Flash_GetInfo                            0x0800b357   Thumb Code     4  drv_w25qxx.o(.text)
    Ultrasonic_Init                          0x0800b361   Thumb Code    12  ultrasonic.o(.text)
    Ultra_Duty                               0x0800b36d   Thumb Code    88  ultrasonic.o(.text)
    Ultra_Get                                0x0800b3c5   Thumb Code   140  ultrasonic.o(.text)
    NVIC_PriorityGroupConfig                 0x0800b469   Thumb Code    54  misc.o(.text)
    NVIC_Init                                0x0800b49f   Thumb Code   164  misc.o(.text)
    NVIC_SetVectorTable                      0x0800b543   Thumb Code    60  misc.o(.text)
    NVIC_SystemLPConfig                      0x0800b57f   Thumb Code    78  misc.o(.text)
    SysTick_CLKSourceConfig                  0x0800b5cd   Thumb Code    62  misc.o(.text)
    GPIO_DeInit                              0x0800b655   Thumb Code   284  stm32f4xx_gpio.o(.text)
    GPIO_Init                                0x0800b771   Thumb Code   342  stm32f4xx_gpio.o(.text)
    GPIO_StructInit                          0x0800b8c7   Thumb Code    18  stm32f4xx_gpio.o(.text)
    GPIO_PinLockConfig                       0x0800b8d9   Thumb Code   122  stm32f4xx_gpio.o(.text)
    GPIO_ReadInputDataBit                    0x0800b953   Thumb Code   182  stm32f4xx_gpio.o(.text)
    GPIO_ReadInputData                       0x0800ba09   Thumb Code   174  stm32f4xx_gpio.o(.text)
    GPIO_ReadOutputDataBit                   0x0800bab7   Thumb Code   186  stm32f4xx_gpio.o(.text)
    GPIO_ReadOutputData                      0x0800bb71   Thumb Code    78  stm32f4xx_gpio.o(.text)
    GPIO_SetBits                             0x0800bbbf   Thumb Code    98  stm32f4xx_gpio.o(.text)
    GPIO_ResetBits                           0x0800bc21   Thumb Code    98  stm32f4xx_gpio.o(.text)
    GPIO_WriteBit                            0x0800bc83   Thumb Code   200  stm32f4xx_gpio.o(.text)
    GPIO_Write                               0x0800bd4b   Thumb Code    78  stm32f4xx_gpio.o(.text)
    GPIO_ToggleBits                          0x0800bd99   Thumb Code    82  stm32f4xx_gpio.o(.text)
    GPIO_PinAFConfig                         0x0800bdeb   Thumb Code   384  stm32f4xx_gpio.o(.text)
    RCC_DeInit                               0x0800bf6d   Thumb Code    60  stm32f4xx_rcc.o(.text)
    RCC_HSEConfig                            0x0800bfa9   Thumb Code    38  stm32f4xx_rcc.o(.text)
    RCC_GetFlagStatus                        0x0800bfcf   Thumb Code   130  stm32f4xx_rcc.o(.text)
    RCC_WaitForHSEStartUp                    0x0800c051   Thumb Code    56  stm32f4xx_rcc.o(.text)
    RCC_AdjustHSICalibrationValue            0x0800c089   Thumb Code    38  stm32f4xx_rcc.o(.text)
    RCC_HSICmd                               0x0800c0af   Thumb Code    28  stm32f4xx_rcc.o(.text)
    RCC_LSEConfig                            0x0800c0cb   Thumb Code    72  stm32f4xx_rcc.o(.text)
    RCC_LSICmd                               0x0800c113   Thumb Code    28  stm32f4xx_rcc.o(.text)
    RCC_PLLConfig                            0x0800c12f   Thumb Code   156  stm32f4xx_rcc.o(.text)
    RCC_PLLCmd                               0x0800c1cb   Thumb Code    28  stm32f4xx_rcc.o(.text)
    RCC_PLLI2SConfig                         0x0800c1e7   Thumb Code    62  stm32f4xx_rcc.o(.text)
    RCC_PLLI2SCmd                            0x0800c225   Thumb Code    28  stm32f4xx_rcc.o(.text)
    RCC_ClockSecuritySystemCmd               0x0800c241   Thumb Code    28  stm32f4xx_rcc.o(.text)
    RCC_MCO1Config                           0x0800c25d   Thumb Code   102  stm32f4xx_rcc.o(.text)
    RCC_MCO2Config                           0x0800c2c3   Thumb Code   102  stm32f4xx_rcc.o(.text)
    RCC_SYSCLKConfig                         0x0800c329   Thumb Code   124  stm32f4xx_rcc.o(.text)
    RCC_GetSYSCLKSource                      0x0800c3a5   Thumb Code    10  stm32f4xx_rcc.o(.text)
    RCC_HCLKConfig                           0x0800c3af   Thumb Code    68  stm32f4xx_rcc.o(.text)
    RCC_PCLK1Config                          0x0800c3f3   Thumb Code    60  stm32f4xx_rcc.o(.text)
    RCC_PCLK2Config                          0x0800c42f   Thumb Code    62  stm32f4xx_rcc.o(.text)
    RCC_GetClocksFreq                        0x0800c46d   Thumb Code   214  stm32f4xx_rcc.o(.text)
    RCC_RTCCLKConfig                         0x0800c543   Thumb Code   262  stm32f4xx_rcc.o(.text)
    RCC_RTCCLKCmd                            0x0800c649   Thumb Code    30  stm32f4xx_rcc.o(.text)
    RCC_BackupResetCmd                       0x0800c667   Thumb Code    32  stm32f4xx_rcc.o(.text)
    RCC_I2SCLKConfig                         0x0800c687   Thumb Code    30  stm32f4xx_rcc.o(.text)
    RCC_AHB1PeriphClockCmd                   0x0800c6a5   Thumb Code    82  stm32f4xx_rcc.o(.text)
    RCC_AHB2PeriphClockCmd                   0x0800c6f7   Thumb Code    82  stm32f4xx_rcc.o(.text)
    RCC_AHB3PeriphClockCmd                   0x0800c749   Thumb Code   232  stm32f4xx_rcc.o(.text)
    RCC_APB1PeriphClockCmd                   0x0800c831   Thumb Code    82  stm32f4xx_rcc.o(.text)
    RCC_APB2PeriphClockCmd                   0x0800c883   Thumb Code    82  stm32f4xx_rcc.o(.text)
    RCC_AHB1PeriphResetCmd                   0x0800c8d5   Thumb Code    82  stm32f4xx_rcc.o(.text)
    RCC_AHB2PeriphResetCmd                   0x0800c927   Thumb Code    82  stm32f4xx_rcc.o(.text)
    RCC_AHB3PeriphResetCmd                   0x0800c979   Thumb Code    82  stm32f4xx_rcc.o(.text)
    RCC_APB1PeriphResetCmd                   0x0800c9cb   Thumb Code    82  stm32f4xx_rcc.o(.text)
    RCC_APB2PeriphResetCmd                   0x0800ca1d   Thumb Code    82  stm32f4xx_rcc.o(.text)
    RCC_AHB1PeriphClockLPModeCmd             0x0800ca6f   Thumb Code    82  stm32f4xx_rcc.o(.text)
    RCC_AHB2PeriphClockLPModeCmd             0x0800cac1   Thumb Code    82  stm32f4xx_rcc.o(.text)
    RCC_AHB3PeriphClockLPModeCmd             0x0800cb13   Thumb Code    82  stm32f4xx_rcc.o(.text)
    RCC_APB1PeriphClockLPModeCmd             0x0800cb65   Thumb Code    82  stm32f4xx_rcc.o(.text)
    RCC_APB2PeriphClockLPModeCmd             0x0800cbb7   Thumb Code   106  stm32f4xx_rcc.o(.text)
    RCC_ITConfig                             0x0800cc21   Thumb Code    74  stm32f4xx_rcc.o(.text)
    RCC_ClearFlag                            0x0800cc6b   Thumb Code    18  stm32f4xx_rcc.o(.text)
    RCC_GetITStatus                          0x0800cc7d   Thumb Code    68  stm32f4xx_rcc.o(.text)
    RCC_ClearITPendingBit                    0x0800ccc1   Thumb Code    34  stm32f4xx_rcc.o(.text)
    SPI_I2S_DeInit                           0x0800cce9   Thumb Code   104  stm32f4xx_spi.o(.text)
    SPI_Init                                 0x0800cd51   Thumb Code   348  stm32f4xx_spi.o(.text)
    I2S_Init                                 0x0800cead   Thumb Code   508  stm32f4xx_spi.o(.text)
    SPI_StructInit                           0x0800d0a9   Thumb Code    24  stm32f4xx_spi.o(.text)
    I2S_StructInit                           0x0800d0c1   Thumb Code   104  stm32f4xx_spi.o(.text)
    SPI_Cmd                                  0x0800d129   Thumb Code    82  stm32f4xx_spi.o(.text)
    I2S_Cmd                                  0x0800d17b   Thumb Code    88  stm32f4xx_spi.o(.text)
    SPI_DataSizeConfig                       0x0800d1d3   Thumb Code    78  stm32f4xx_spi.o(.text)
    SPI_BiDirectionalLineConfig              0x0800d221   Thumb Code    94  stm32f4xx_spi.o(.text)
    SPI_NSSInternalSoftwareConfig            0x0800d27f   Thumb Code    96  stm32f4xx_spi.o(.text)
    SPI_SSOutputCmd                          0x0800d2df   Thumb Code    82  stm32f4xx_spi.o(.text)
    SPI_TIModeCmd                            0x0800d331   Thumb Code    82  stm32f4xx_spi.o(.text)
    I2S_FullDuplexConfig                     0x0800d383   Thumb Code   258  stm32f4xx_spi.o(.text)
    SPI_I2S_ReceiveData                      0x0800d485   Thumb Code    52  stm32f4xx_spi.o(.text)
    SPI_I2S_SendData                         0x0800d4b9   Thumb Code    54  stm32f4xx_spi.o(.text)
    SPI_CalculateCRC                         0x0800d4ef   Thumb Code    98  stm32f4xx_spi.o(.text)
    SPI_TransmitCRC                          0x0800d551   Thumb Code    46  stm32f4xx_spi.o(.text)
    SPI_GetCRC                               0x0800d57f   Thumb Code    74  stm32f4xx_spi.o(.text)
    SPI_GetCRCPolynomial                     0x0800d5c9   Thumb Code    40  stm32f4xx_spi.o(.text)
    SPI_I2S_DMACmd                           0x0800d5f1   Thumb Code   114  stm32f4xx_spi.o(.text)
    SPI_I2S_ITConfig                         0x0800d663   Thumb Code   138  stm32f4xx_spi.o(.text)
    SPI_I2S_GetFlagStatus                    0x0800d6ed   Thumb Code   120  stm32f4xx_spi.o(.text)
    SPI_I2S_ClearFlag                        0x0800d765   Thumb Code    74  stm32f4xx_spi.o(.text)
    SPI_I2S_GetITStatus                      0x0800d7af   Thumb Code   154  stm32f4xx_spi.o(.text)
    SPI_I2S_ClearITPendingBit                0x0800d849   Thumb Code    86  stm32f4xx_spi.o(.text)
    TIM_DeInit                               0x0800d8b1   Thumb Code   440  stm32f4xx_tim.o(.text)
    TIM_TimeBaseInit                         0x0800da69   Thumb Code   278  stm32f4xx_tim.o(.text)
    TIM_TimeBaseStructInit                   0x0800db7f   Thumb Code    18  stm32f4xx_tim.o(.text)
    TIM_PrescalerConfig                      0x0800db91   Thumb Code   128  stm32f4xx_tim.o(.text)
    TIM_CounterModeConfig                    0x0800dc11   Thumb Code   100  stm32f4xx_tim.o(.text)
    TIM_SetCounter                           0x0800dc75   Thumb Code   222  stm32f4xx_tim.o(.text)
    TIM_SetAutoreload                        0x0800dd53   Thumb Code   108  stm32f4xx_tim.o(.text)
    TIM_GetCounter                           0x0800ddbf   Thumb Code   106  stm32f4xx_tim.o(.text)
    TIM_GetPrescaler                         0x0800de29   Thumb Code   106  stm32f4xx_tim.o(.text)
    TIM_UpdateDisableConfig                  0x0800de93   Thumb Code   148  stm32f4xx_tim.o(.text)
    TIM_UpdateRequestConfig                  0x0800df27   Thumb Code   148  stm32f4xx_tim.o(.text)
    TIM_ARRPreloadConfig                     0x0800dfbb   Thumb Code   148  stm32f4xx_tim.o(.text)
    TIM_SelectOnePulseMode                   0x0800e04f   Thumb Code   142  stm32f4xx_tim.o(.text)
    TIM_SetClockDivision                     0x0800e0dd   Thumb Code   192  stm32f4xx_tim.o(.text)
    TIM_Cmd                                  0x0800e19d   Thumb Code   148  stm32f4xx_tim.o(.text)
    TIM_OC1Init                              0x0800e231   Thumb Code   416  stm32f4xx_tim.o(.text)
    TIM_OC2Init                              0x0800e3d1   Thumb Code   486  stm32f4xx_tim.o(.text)
    TIM_OC3Init                              0x0800e5b7   Thumb Code   416  stm32f4xx_tim.o(.text)
    TIM_OC4Init                              0x0800e757   Thumb Code   300  stm32f4xx_tim.o(.text)
    TIM_OCStructInit                         0x0800e883   Thumb Code    20  stm32f4xx_tim.o(.text)
    TIM_SelectOCxM                           0x0800e897   Thumb Code   256  stm32f4xx_tim.o(.text)
    TIM_SetCompare1                          0x0800e997   Thumb Code   142  stm32f4xx_tim.o(.text)
    TIM_SetCompare2                          0x0800ea25   Thumb Code    72  stm32f4xx_tim.o(.text)
    TIM_SetCompare3                          0x0800ea6d   Thumb Code    60  stm32f4xx_tim.o(.text)
    TIM_SetCompare4                          0x0800eaa9   Thumb Code    60  stm32f4xx_tim.o(.text)
    TIM_ForcedOC1Config                      0x0800eae5   Thumb Code   130  stm32f4xx_tim.o(.text)
    TIM_ForcedOC2Config                      0x0800eb67   Thumb Code   114  stm32f4xx_tim.o(.text)
    TIM_ForcedOC3Config                      0x0800ebd9   Thumb Code    94  stm32f4xx_tim.o(.text)
    TIM_ForcedOC4Config                      0x0800ec37   Thumb Code   102  stm32f4xx_tim.o(.text)
    TIM_OC1PreloadConfig                     0x0800ec9d   Thumb Code   124  stm32f4xx_tim.o(.text)
    TIM_OC2PreloadConfig                     0x0800ed19   Thumb Code   108  stm32f4xx_tim.o(.text)
    TIM_OC3PreloadConfig                     0x0800ed85   Thumb Code   136  stm32f4xx_tim.o(.text)
    TIM_OC4PreloadConfig                     0x0800ee0d   Thumb Code    96  stm32f4xx_tim.o(.text)
    TIM_OC1FastConfig                        0x0800ee6d   Thumb Code   124  stm32f4xx_tim.o(.text)
    TIM_OC2FastConfig                        0x0800eee9   Thumb Code   108  stm32f4xx_tim.o(.text)
    TIM_OC3FastConfig                        0x0800ef55   Thumb Code    88  stm32f4xx_tim.o(.text)
    TIM_OC4FastConfig                        0x0800efad   Thumb Code    96  stm32f4xx_tim.o(.text)
    TIM_ClearOC1Ref                          0x0800f00d   Thumb Code   124  stm32f4xx_tim.o(.text)
    TIM_ClearOC2Ref                          0x0800f089   Thumb Code   106  stm32f4xx_tim.o(.text)
    TIM_ClearOC3Ref                          0x0800f0f3   Thumb Code    88  stm32f4xx_tim.o(.text)
    TIM_ClearOC4Ref                          0x0800f14b   Thumb Code    94  stm32f4xx_tim.o(.text)
    TIM_OC1PolarityConfig                    0x0800f1a9   Thumb Code   174  stm32f4xx_tim.o(.text)
    TIM_OC1NPolarityConfig                   0x0800f257   Thumb Code    64  stm32f4xx_tim.o(.text)
    TIM_OC2PolarityConfig                    0x0800f297   Thumb Code   108  stm32f4xx_tim.o(.text)
    TIM_OC2NPolarityConfig                   0x0800f303   Thumb Code    72  stm32f4xx_tim.o(.text)
    TIM_OC3PolarityConfig                    0x0800f34b   Thumb Code    96  stm32f4xx_tim.o(.text)
    TIM_OC3NPolarityConfig                   0x0800f3ab   Thumb Code    72  stm32f4xx_tim.o(.text)
    TIM_OC4PolarityConfig                    0x0800f3f3   Thumb Code    96  stm32f4xx_tim.o(.text)
    TIM_CCxCmd                               0x0800f453   Thumb Code   168  stm32f4xx_tim.o(.text)
    TIM_CCxNCmd                              0x0800f4fb   Thumb Code   104  stm32f4xx_tim.o(.text)
    TIM_SetIC4Prescaler                      0x0800f563   Thumb Code   106  stm32f4xx_tim.o(.text)
    TIM_SetIC3Prescaler                      0x0800f64d   Thumb Code    98  stm32f4xx_tim.o(.text)
    TIM_SetIC2Prescaler                      0x0800f6f7   Thumb Code   118  stm32f4xx_tim.o(.text)
    TIM_SetIC1Prescaler                      0x0800f7bd   Thumb Code   134  stm32f4xx_tim.o(.text)
    TIM_ICInit                               0x0800f87d   Thumb Code   508  stm32f4xx_tim.o(.text)
    TIM_ICStructInit                         0x0800fa79   Thumb Code    18  stm32f4xx_tim.o(.text)
    TIM_PWMIConfig                           0x0800fa8b   Thumb Code   184  stm32f4xx_tim.o(.text)
    TIM_GetCapture1                          0x0800fb43   Thumb Code    92  stm32f4xx_tim.o(.text)
    TIM_GetCapture2                          0x0800fb9f   Thumb Code    68  stm32f4xx_tim.o(.text)
    TIM_GetCapture3                          0x0800fbe3   Thumb Code    56  stm32f4xx_tim.o(.text)
    TIM_GetCapture4                          0x0800fc1b   Thumb Code    56  stm32f4xx_tim.o(.text)
    TIM_BDTRConfig                           0x0800fc53   Thumb Code   222  stm32f4xx_tim.o(.text)
    TIM_BDTRStructInit                       0x0800fd31   Thumb Code    18  stm32f4xx_tim.o(.text)
    TIM_CtrlPWMOutputs                       0x0800fd43   Thumb Code    78  stm32f4xx_tim.o(.text)
    TIM_SelectCOM                            0x0800fd91   Thumb Code    72  stm32f4xx_tim.o(.text)
    TIM_CCPreloadControl                     0x0800fdd9   Thumb Code    72  stm32f4xx_tim.o(.text)
    TIM_ITConfig                             0x0800fe21   Thumb Code   218  stm32f4xx_tim.o(.text)
    TIM_GenerateEvent                        0x0800fefb   Thumb Code   126  stm32f4xx_tim.o(.text)
    TIM_GetFlagStatus                        0x0800ff79   Thumb Code   188  stm32f4xx_tim.o(.text)
    TIM_ClearFlag                            0x08010035   Thumb Code   108  stm32f4xx_tim.o(.text)
    TIM_GetITStatus                          0x080100a1   Thumb Code   186  stm32f4xx_tim.o(.text)
    TIM_ClearITPendingBit                    0x0801015b   Thumb Code   108  stm32f4xx_tim.o(.text)
    TIM_DMAConfig                            0x080101c7   Thumb Code   334  stm32f4xx_tim.o(.text)
    TIM_DMACmd                               0x08010315   Thumb Code   126  stm32f4xx_tim.o(.text)
    TIM_SelectCCDMA                          0x08010393   Thumb Code    96  stm32f4xx_tim.o(.text)
    TIM_InternalClockConfig                  0x080103f3   Thumb Code    76  stm32f4xx_tim.o(.text)
    TIM_SelectInputTrigger                   0x0801043f   Thumb Code   148  stm32f4xx_tim.o(.text)
    TIM_ITRxExternalClockConfig              0x080104d3   Thumb Code   110  stm32f4xx_tim.o(.text)
    TIM_TIxExternalClockConfig               0x08010541   Thumb Code   184  stm32f4xx_tim.o(.text)
    TIM_ETRConfig                            0x080105f9   Thumb Code   164  stm32f4xx_tim.o(.text)
    TIM_ETRClockMode1Config                  0x0801069d   Thumb Code   228  stm32f4xx_tim.o(.text)
    TIM_ETRClockMode2Config                  0x08010781   Thumb Code   152  stm32f4xx_tim.o(.text)
    TIM_SelectOutputTrigger                  0x08010819   Thumb Code   126  stm32f4xx_tim.o(.text)
    TIM_SelectSlaveMode                      0x08010897   Thumb Code   112  stm32f4xx_tim.o(.text)
    TIM_SelectMasterSlaveMode                0x08010907   Thumb Code   102  stm32f4xx_tim.o(.text)
    TIM_EncoderInterfaceConfig               0x0801096d   Thumb Code   226  stm32f4xx_tim.o(.text)
    TIM_SelectHallSensor                     0x08010a4f   Thumb Code   108  stm32f4xx_tim.o(.text)
    TIM_RemapConfig                          0x08010abb   Thumb Code   138  stm32f4xx_tim.o(.text)
    USART_DeInit                             0x08010b45   Thumb Code   202  stm32f4xx_usart.o(.text)
    USART_Init                               0x08010c0f   Thumb Code   456  stm32f4xx_usart.o(.text)
    USART_StructInit                         0x08010dd7   Thumb Code    24  stm32f4xx_usart.o(.text)
    USART_ClockInit                          0x08010def   Thumb Code   166  stm32f4xx_usart.o(.text)
    USART_ClockStructInit                    0x08010e95   Thumb Code    12  stm32f4xx_usart.o(.text)
    USART_Cmd                                0x08010ea1   Thumb Code    96  stm32f4xx_usart.o(.text)
    USART_SetPrescaler                       0x08010f01   Thumb Code   160  stm32f4xx_usart.o(.text)
    USART_OverSampling8Cmd                   0x08010fa1   Thumb Code    98  stm32f4xx_usart.o(.text)
    USART_OneBitMethodCmd                    0x08011003   Thumb Code   100  stm32f4xx_usart.o(.text)
    USART_SendData                           0x08011067   Thumb Code    84  stm32f4xx_usart.o(.text)
    USART_ReceiveData                        0x080110bb   Thumb Code    62  stm32f4xx_usart.o(.text)
    USART_SetAddress                         0x080110f9   Thumb Code    92  stm32f4xx_usart.o(.text)
    USART_ReceiverWakeUpCmd                  0x08011155   Thumb Code   100  stm32f4xx_usart.o(.text)
    USART_WakeUpConfig                       0x080111b9   Thumb Code    96  stm32f4xx_usart.o(.text)
    USART_LINBreakDetectLengthConfig         0x08011219   Thumb Code    94  stm32f4xx_usart.o(.text)
    USART_LINCmd                             0x08011277   Thumb Code   100  stm32f4xx_usart.o(.text)
    USART_SendBreak                          0x080112db   Thumb Code    64  stm32f4xx_usart.o(.text)
    USART_HalfDuplexCmd                      0x0801131b   Thumb Code   100  stm32f4xx_usart.o(.text)
    USART_SetGuardTime                       0x0801137f   Thumb Code    86  stm32f4xx_usart.o(.text)
    USART_SmartCardCmd                       0x080113d5   Thumb Code    88  stm32f4xx_usart.o(.text)
    USART_SmartCardNACKCmd                   0x0801142d   Thumb Code    88  stm32f4xx_usart.o(.text)
    USART_IrDAConfig                         0x08011485   Thumb Code    94  stm32f4xx_usart.o(.text)
    USART_IrDACmd                            0x080114e3   Thumb Code   100  stm32f4xx_usart.o(.text)
    USART_DMACmd                             0x08011547   Thumb Code   120  stm32f4xx_usart.o(.text)
    USART_ITConfig                           0x080115bf   Thumb Code   268  stm32f4xx_usart.o(.text)
    USART_GetFlagStatus                      0x080116cb   Thumb Code   176  stm32f4xx_usart.o(.text)
    USART_ClearFlag                          0x0801177b   Thumb Code   160  stm32f4xx_usart.o(.text)
    USART_GetITStatus                        0x0801181b   Thumb Code   284  stm32f4xx_usart.o(.text)
    USART_ClearITPendingBit                  0x08011937   Thumb Code   170  stm32f4xx_usart.o(.text)
    SystemInit                               0x08011ad5   Thumb Code    88  system_stm32f4xx.o(.text)
    SystemCoreClockUpdate                    0x08011b2d   Thumb Code   174  system_stm32f4xx.o(.text)
    Reset_Handler                            0x08011c09   Thumb Code     8  startup_stm32f4xx.o(.text)
    HardFault_Handler                        0x08011c13   Thumb Code     2  startup_stm32f4xx.o(.text)
    PendSV_Handler                           0x08011c1f   Thumb Code     2  startup_stm32f4xx.o(.text)
    ADC_IRQHandler                           0x08011c23   Thumb Code     0  startup_stm32f4xx.o(.text)
    CAN1_RX0_IRQHandler                      0x08011c23   Thumb Code     0  startup_stm32f4xx.o(.text)
    CAN1_RX1_IRQHandler                      0x08011c23   Thumb Code     0  startup_stm32f4xx.o(.text)
    CAN1_SCE_IRQHandler                      0x08011c23   Thumb Code     0  startup_stm32f4xx.o(.text)
    CAN1_TX_IRQHandler                       0x08011c23   Thumb Code     0  startup_stm32f4xx.o(.text)
    CAN2_RX0_IRQHandler                      0x08011c23   Thumb Code     0  startup_stm32f4xx.o(.text)
    CAN2_RX1_IRQHandler                      0x08011c23   Thumb Code     0  startup_stm32f4xx.o(.text)
    CAN2_SCE_IRQHandler                      0x08011c23   Thumb Code     0  startup_stm32f4xx.o(.text)
    CAN2_TX_IRQHandler                       0x08011c23   Thumb Code     0  startup_stm32f4xx.o(.text)
    CRYP_IRQHandler                          0x08011c23   Thumb Code     0  startup_stm32f4xx.o(.text)
    DCMI_IRQHandler                          0x08011c23   Thumb Code     0  startup_stm32f4xx.o(.text)
    DMA1_Stream0_IRQHandler                  0x08011c23   Thumb Code     0  startup_stm32f4xx.o(.text)
    DMA1_Stream1_IRQHandler                  0x08011c23   Thumb Code     0  startup_stm32f4xx.o(.text)
    DMA1_Stream2_IRQHandler                  0x08011c23   Thumb Code     0  startup_stm32f4xx.o(.text)
    DMA1_Stream3_IRQHandler                  0x08011c23   Thumb Code     0  startup_stm32f4xx.o(.text)
    DMA1_Stream4_IRQHandler                  0x08011c23   Thumb Code     0  startup_stm32f4xx.o(.text)
    DMA1_Stream5_IRQHandler                  0x08011c23   Thumb Code     0  startup_stm32f4xx.o(.text)
    DMA1_Stream6_IRQHandler                  0x08011c23   Thumb Code     0  startup_stm32f4xx.o(.text)
    DMA1_Stream7_IRQHandler                  0x08011c23   Thumb Code     0  startup_stm32f4xx.o(.text)
    DMA2_Stream0_IRQHandler                  0x08011c23   Thumb Code     0  startup_stm32f4xx.o(.text)
    DMA2_Stream1_IRQHandler                  0x08011c23   Thumb Code     0  startup_stm32f4xx.o(.text)
    DMA2_Stream2_IRQHandler                  0x08011c23   Thumb Code     0  startup_stm32f4xx.o(.text)
    DMA2_Stream3_IRQHandler                  0x08011c23   Thumb Code     0  startup_stm32f4xx.o(.text)
    DMA2_Stream4_IRQHandler                  0x08011c23   Thumb Code     0  startup_stm32f4xx.o(.text)
    DMA2_Stream5_IRQHandler                  0x08011c23   Thumb Code     0  startup_stm32f4xx.o(.text)
    DMA2_Stream6_IRQHandler                  0x08011c23   Thumb Code     0  startup_stm32f4xx.o(.text)
    DMA2_Stream7_IRQHandler                  0x08011c23   Thumb Code     0  startup_stm32f4xx.o(.text)
    ETH_IRQHandler                           0x08011c23   Thumb Code     0  startup_stm32f4xx.o(.text)
    ETH_WKUP_IRQHandler                      0x08011c23   Thumb Code     0  startup_stm32f4xx.o(.text)
    EXTI0_IRQHandler                         0x08011c23   Thumb Code     0  startup_stm32f4xx.o(.text)
    EXTI15_10_IRQHandler                     0x08011c23   Thumb Code     0  startup_stm32f4xx.o(.text)
    EXTI1_IRQHandler                         0x08011c23   Thumb Code     0  startup_stm32f4xx.o(.text)
    EXTI2_IRQHandler                         0x08011c23   Thumb Code     0  startup_stm32f4xx.o(.text)
    EXTI3_IRQHandler                         0x08011c23   Thumb Code     0  startup_stm32f4xx.o(.text)
    EXTI4_IRQHandler                         0x08011c23   Thumb Code     0  startup_stm32f4xx.o(.text)
    EXTI9_5_IRQHandler                       0x08011c23   Thumb Code     0  startup_stm32f4xx.o(.text)
    FLASH_IRQHandler                         0x08011c23   Thumb Code     0  startup_stm32f4xx.o(.text)
    FPU_IRQHandler                           0x08011c23   Thumb Code     0  startup_stm32f4xx.o(.text)
    FSMC_IRQHandler                          0x08011c23   Thumb Code     0  startup_stm32f4xx.o(.text)
    HASH_RNG_IRQHandler                      0x08011c23   Thumb Code     0  startup_stm32f4xx.o(.text)
    I2C1_ER_IRQHandler                       0x08011c23   Thumb Code     0  startup_stm32f4xx.o(.text)
    I2C1_EV_IRQHandler                       0x08011c23   Thumb Code     0  startup_stm32f4xx.o(.text)
    I2C2_ER_IRQHandler                       0x08011c23   Thumb Code     0  startup_stm32f4xx.o(.text)
    I2C2_EV_IRQHandler                       0x08011c23   Thumb Code     0  startup_stm32f4xx.o(.text)
    I2C3_ER_IRQHandler                       0x08011c23   Thumb Code     0  startup_stm32f4xx.o(.text)
    I2C3_EV_IRQHandler                       0x08011c23   Thumb Code     0  startup_stm32f4xx.o(.text)
    OTG_FS_WKUP_IRQHandler                   0x08011c23   Thumb Code     0  startup_stm32f4xx.o(.text)
    OTG_HS_EP1_IN_IRQHandler                 0x08011c23   Thumb Code     0  startup_stm32f4xx.o(.text)
    OTG_HS_EP1_OUT_IRQHandler                0x08011c23   Thumb Code     0  startup_stm32f4xx.o(.text)
    OTG_HS_IRQHandler                        0x08011c23   Thumb Code     0  startup_stm32f4xx.o(.text)
    OTG_HS_WKUP_IRQHandler                   0x08011c23   Thumb Code     0  startup_stm32f4xx.o(.text)
    PVD_IRQHandler                           0x08011c23   Thumb Code     0  startup_stm32f4xx.o(.text)
    RCC_IRQHandler                           0x08011c23   Thumb Code     0  startup_stm32f4xx.o(.text)
    RTC_Alarm_IRQHandler                     0x08011c23   Thumb Code     0  startup_stm32f4xx.o(.text)
    RTC_WKUP_IRQHandler                      0x08011c23   Thumb Code     0  startup_stm32f4xx.o(.text)
    SDIO_IRQHandler                          0x08011c23   Thumb Code     0  startup_stm32f4xx.o(.text)
    SPI1_IRQHandler                          0x08011c23   Thumb Code     0  startup_stm32f4xx.o(.text)
    SPI2_IRQHandler                          0x08011c23   Thumb Code     0  startup_stm32f4xx.o(.text)
    SPI3_IRQHandler                          0x08011c23   Thumb Code     0  startup_stm32f4xx.o(.text)
    TAMP_STAMP_IRQHandler                    0x08011c23   Thumb Code     0  startup_stm32f4xx.o(.text)
    TIM1_BRK_TIM9_IRQHandler                 0x08011c23   Thumb Code     0  startup_stm32f4xx.o(.text)
    TIM1_CC_IRQHandler                       0x08011c23   Thumb Code     0  startup_stm32f4xx.o(.text)
    TIM1_TRG_COM_TIM11_IRQHandler            0x08011c23   Thumb Code     0  startup_stm32f4xx.o(.text)
    TIM1_UP_TIM10_IRQHandler                 0x08011c23   Thumb Code     0  startup_stm32f4xx.o(.text)
    TIM2_IRQHandler                          0x08011c23   Thumb Code     0  startup_stm32f4xx.o(.text)
    TIM5_IRQHandler                          0x08011c23   Thumb Code     0  startup_stm32f4xx.o(.text)
    TIM6_DAC_IRQHandler                      0x08011c23   Thumb Code     0  startup_stm32f4xx.o(.text)
    TIM7_IRQHandler                          0x08011c23   Thumb Code     0  startup_stm32f4xx.o(.text)
    TIM8_BRK_TIM12_IRQHandler                0x08011c23   Thumb Code     0  startup_stm32f4xx.o(.text)
    TIM8_CC_IRQHandler                       0x08011c23   Thumb Code     0  startup_stm32f4xx.o(.text)
    TIM8_TRG_COM_TIM14_IRQHandler            0x08011c23   Thumb Code     0  startup_stm32f4xx.o(.text)
    TIM8_UP_TIM13_IRQHandler                 0x08011c23   Thumb Code     0  startup_stm32f4xx.o(.text)
    UART4_IRQHandler                         0x08011c23   Thumb Code     0  startup_stm32f4xx.o(.text)
    USART1_IRQHandler                        0x08011c23   Thumb Code     0  startup_stm32f4xx.o(.text)
    USART3_IRQHandler                        0x08011c23   Thumb Code     0  startup_stm32f4xx.o(.text)
    USART6_IRQHandler                        0x08011c23   Thumb Code     0  startup_stm32f4xx.o(.text)
    WWDG_IRQHandler                          0x08011c23   Thumb Code     0  startup_stm32f4xx.o(.text)
    usbd_init                                0x08011c2d   Thumb Code    22  usbd_core.o(.text)
    usbd_connect                             0x08011c43   Thumb Code    12  usbd_core.o(.text)
    usbd_reset_core                          0x08011c4f   Thumb Code    38  usbd_core.o(.text)
    usbd_configured                          0x08011c75   Thumb Code    14  usbd_core.o(.text)
    USBD_SetupStage                          0x08011c83   Thumb Code    12  usbd_core.o(.text)
    USBD_DataInStage                         0x08011c8f   Thumb Code    66  usbd_core.o(.text)
    USBD_DataOutStage                        0x08011cd1   Thumb Code    34  usbd_core.o(.text)
    USBD_StatusInStage                       0x08011cf3   Thumb Code    14  usbd_core.o(.text)
    USBD_StatusOutStage                      0x08011d01   Thumb Code    12  usbd_core.o(.text)
    USBD_ReqGetStatus                        0x08011d0d   Thumb Code   160  usbd_core.o(.text)
    USBD_ReqSetClrFeature                    0x08011dad   Thumb Code   216  usbd_core.o(.text)
    USBD_ReqGetDescriptor                    0x08011e85   Thumb Code   496  usbd_core.o(.text)
    USBD_ReqGetConfiguration                 0x08012075   Thumb Code    28  usbd_core.o(.text)
    USBD_ReqSetConfiguration                 0x08012091   Thumb Code   432  usbd_core.o(.text)
    USBD_ReqGetInterface                     0x08012241   Thumb Code    60  usbd_core.o(.text)
    USBD_ReqSetInterface                     0x0801227d   Thumb Code   308  usbd_core.o(.text)
    USBD_EndPoint0                           0x080123b1   Thumb Code   682  usbd_core.o(.text)
    USBD_ReqGetDescriptor_HID                0x08012675   Thumb Code   132  usbd_core_hid.o(.text)
    USBD_EndPoint0_Setup_HID_ReqToIF         0x080126f9   Thumb Code   200  usbd_core_hid.o(.text)
    USBD_EndPoint0_Out_HID_ReqToIF           0x080127c1   Thumb Code    44  usbd_core_hid.o(.text)
    usbd_hid_init                            0x08012825   Thumb Code     2  usbd_hid.o(.text)
    usbd_hid_get_protocol                    0x08012835   Thumb Code     4  usbd_hid.o(.text)
    usbd_hid_set_protocol                    0x08012839   Thumb Code     2  usbd_hid.o(.text)
    USBD_HID_GetReport                       0x0801283b   Thumb Code    54  usbd_hid.o(.text)
    USBD_HID_SetReport                       0x08012871   Thumb Code    58  usbd_hid.o(.text)
    USBD_HID_GetIdle                         0x080128ab   Thumb Code    16  usbd_hid.o(.text)
    USBD_HID_SetIdle                         0x080128bb   Thumb Code    48  usbd_hid.o(.text)
    USBD_HID_GetProtocol                     0x080128eb   Thumb Code    14  usbd_hid.o(.text)
    USBD_HID_SetProtocol                     0x080128f9   Thumb Code    14  usbd_hid.o(.text)
    USBD_HID_EP_INTIN_Event                  0x08012907   Thumb Code   422  usbd_hid.o(.text)
    USBD_HID_EP_INTOUT_Event                 0x08012aad   Thumb Code   148  usbd_hid.o(.text)
    USBD_HID_Configure_Event                 0x08012b41   Thumb Code    48  usbd_hid.o(.text)
    USBD_HID_EP_INT_Event                    0x08012b71   Thumb Code    30  usbd_hid.o(.text)
    USBD_HID_SOF_Event                       0x08012b8f   Thumb Code   460  usbd_hid.o(.text)
    usbd_hid_get_report_trigger              0x08012d5b   Thumb Code   148  usbd_hid.o(.text)
    disk_status                              0x08012e29   Thumb Code    24  diskio.o(.text)
    disk_initialize                          0x08012e41   Thumb Code    34  diskio.o(.text)
    disk_read                                0x08012e63   Thumb Code    56  diskio.o(.text)
    disk_write                               0x08012e9b   Thumb Code    56  diskio.o(.text)
    disk_ioctl                               0x08012ed3   Thumb Code    60  diskio.o(.text)
    get_fattime                              0x08012f0f   Thumb Code     4  diskio.o(.text)
    clust2sect                               0x080130cf   Thumb Code    26  ff.o(.text)
    get_fat                                  0x080130e9   Thumb Code   318  ff.o(.text)
    put_fat                                  0x08013227   Thumb Code   392  ff.o(.text)
    f_mount                                  0x0801402d   Thumb Code    86  ff.o(.text)
    f_open                                   0x08014083   Thumb Code   356  ff.o(.text)
    f_read                                   0x080141e7   Thumb Code   498  ff.o(.text)
    f_write                                  0x080143d9   Thumb Code   540  ff.o(.text)
    f_sync                                   0x080145f5   Thumb Code   176  ff.o(.text)
    f_close                                  0x080146a5   Thumb Code    32  ff.o(.text)
    f_lseek                                  0x080146c5   Thumb Code   726  ff.o(.text)
    f_opendir                                0x0801499b   Thumb Code   110  ff.o(.text)
    f_closedir                               0x08014a09   Thumb Code    22  ff.o(.text)
    f_readdir                                0x08014a1f   Thumb Code    88  ff.o(.text)
    f_stat                                   0x08014a77   Thumb Code    60  ff.o(.text)
    f_getfree                                0x08014ab3   Thumb Code   258  ff.o(.text)
    f_truncate                               0x08014bb5   Thumb Code   184  ff.o(.text)
    f_unlink                                 0x08014c6d   Thumb Code   166  ff.o(.text)
    f_mkdir                                  0x08014d13   Thumb Code   352  ff.o(.text)
    f_chmod                                  0x08014e73   Thumb Code    84  ff.o(.text)
    f_rename                                 0x08014ec7   Thumb Code   258  ff.o(.text)
    f_utime                                  0x08014fc9   Thumb Code    86  ff.o(.text)
    f_mkfs                                   0x0801501f   Thumb Code  1624  ff.o(.text)
    __aeabi_memcpy                           0x080156a5   Thumb Code    36  memcpya.o(.text)
    __aeabi_memcpy4                          0x080156a5   Thumb Code     0  memcpya.o(.text)
    __aeabi_memcpy8                          0x080156a5   Thumb Code     0  memcpya.o(.text)
    __aeabi_memset                           0x080156c9   Thumb Code    14  memseta.o(.text)
    __aeabi_memset4                          0x080156c9   Thumb Code     0  memseta.o(.text)
    __aeabi_memset8                          0x080156c9   Thumb Code     0  memseta.o(.text)
    __aeabi_memclr                           0x080156d7   Thumb Code     4  memseta.o(.text)
    __aeabi_memclr4                          0x080156d7   Thumb Code     0  memseta.o(.text)
    __aeabi_memclr8                          0x080156d7   Thumb Code     0  memseta.o(.text)
    _memset$wrapper                          0x080156db   Thumb Code    18  memseta.o(.text)
    strlen                                   0x080156ed   Thumb Code    14  strlen.o(.text)
    __aeabi_dadd                             0x080156fb   Thumb Code   322  dadd.o(.text)
    __aeabi_dsub                             0x0801583d   Thumb Code     6  dadd.o(.text)
    __aeabi_drsub                            0x08015843   Thumb Code     6  dadd.o(.text)
    __aeabi_dmul                             0x08015849   Thumb Code   228  dmul.o(.text)
    __aeabi_i2d                              0x0801592d   Thumb Code    34  dflti.o(.text)
    __aeabi_f2d                              0x0801594f   Thumb Code    38  f2d.o(.text)
    __aeabi_cdcmpeq                          0x08015975   Thumb Code     0  cdcmple.o(.text)
    __aeabi_cdcmple                          0x08015975   Thumb Code    48  cdcmple.o(.text)
    __aeabi_cdrcmple                         0x080159a5   Thumb Code    48  cdrcmple.o(.text)
    __aeabi_d2f                              0x080159d5   Thumb Code    56  d2f.o(.text)
    __aeabi_llsl                             0x08015a0d   Thumb Code    30  llshl.o(.text)
    _ll_shift_l                              0x08015a0d   Thumb Code     0  llshl.o(.text)
    __aeabi_lasr                             0x08015a2b   Thumb Code    36  llsshr.o(.text)
    _ll_sshift_r                             0x08015a2b   Thumb Code     0  llsshr.o(.text)
    __I$use$fp                               0x08015a4f   Thumb Code     0  iusefp.o(.text)
    _float_round                             0x08015a4f   Thumb Code    18  fepilogue.o(.text)
    _float_epilogue                          0x08015a61   Thumb Code    92  fepilogue.o(.text)
    _double_round                            0x08015abd   Thumb Code    30  depilogue.o(.text)
    _double_epilogue                         0x08015adb   Thumb Code   156  depilogue.o(.text)
    __aeabi_ddiv                             0x08015b77   Thumb Code   222  ddiv.o(.text)
    __scatterload                            0x08015c55   Thumb Code    28  init.o(.text)
    __scatterload_rt2                        0x08015c55   Thumb Code     0  init.o(.text)
    __aeabi_llsr                             0x08015c79   Thumb Code    32  llushr.o(.text)
    _ll_ushift_r                             0x08015c79   Thumb Code     0  llushr.o(.text)
    _dsqrt                                   0x08015c99   Thumb Code   162  dsqrt.o(.text)
    __decompress                             0x08015d3b   Thumb Code     0  __dczerorl2.o(.text)
    __decompress1                            0x08015d3b   Thumb Code    86  __dczerorl2.o(.text)
    __ARM_fpclassify                         0x08015d91   Thumb Code    48  fpclassify.o(i.__ARM_fpclassify)
    __hardfp_asin                            0x08015dc1   Thumb Code   770  asin.o(i.__hardfp_asin)
    __kernel_poly                            0x08016121   Thumb Code   248  poly.o(i.__kernel_poly)
    __mathlib_dbl_infnan                     0x08016219   Thumb Code    20  dunder.o(i.__mathlib_dbl_infnan)
    __mathlib_dbl_invalid                    0x08016231   Thumb Code    24  dunder.o(i.__mathlib_dbl_invalid)
    __mathlib_dbl_underflow                  0x08016251   Thumb Code    24  dunder.o(i.__mathlib_dbl_underflow)
    __scatterload_copy                       0x08016271   Thumb Code    14  handlers.o(i.__scatterload_copy)
    __scatterload_null                       0x0801627f   Thumb Code     2  handlers.o(i.__scatterload_null)
    __scatterload_zeroinit                   0x08016281   Thumb Code    14  handlers.o(i.__scatterload_zeroinit)
    __set_errno                              0x08016291   Thumb Code     6  errno.o(i.__set_errno)
    fabs                                     0x0801629d   Thumb Code    24  fabs.o(i.fabs)
    sqrt                                     0x080162b5   Thumb Code   110  sqrt.o(i.sqrt)
    usbd_power                               0x08016324   Data           1  usb_config.o(.constdata)
    usbd_hs_enable                           0x08016325   Data           1  usb_config.o(.constdata)
    usbd_if_num                              0x08016326   Data           2  usb_config.o(.constdata)
    usbd_ep_num                              0x08016328   Data           1  usb_config.o(.constdata)
    usbd_max_packet0                         0x08016329   Data           1  usb_config.o(.constdata)
    usbd_hid_if_num                          0x0801632a   Data           1  usb_config.o(.constdata)
    usbd_hid_ep_intin                        0x0801632b   Data           1  usb_config.o(.constdata)
    usbd_hid_ep_intout                       0x0801632c   Data           1  usb_config.o(.constdata)
    usbd_hid_interval                        0x0801632e   Data           4  usb_config.o(.constdata)
    usbd_hid_maxpacketsize                   0x08016332   Data           4  usb_config.o(.constdata)
    usbd_hid_inreport_num                    0x08016336   Data           1  usb_config.o(.constdata)
    usbd_hid_outreport_num                   0x08016337   Data           1  usb_config.o(.constdata)
    usbd_hid_inreport_max_sz                 0x08016338   Data           2  usb_config.o(.constdata)
    usbd_hid_outreport_max_sz                0x0801633a   Data           2  usb_config.o(.constdata)
    usbd_hid_featreport_max_sz               0x0801633c   Data           2  usb_config.o(.constdata)
    USBD_P_Power_Event                       0x08016340   Data           4  usb_config.o(.constdata)
    USBD_P_Reset_Event                       0x08016344   Data           4  usb_config.o(.constdata)
    USBD_P_Suspend_Event                     0x08016348   Data           4  usb_config.o(.constdata)
    USBD_P_Resume_Event                      0x0801634c   Data           4  usb_config.o(.constdata)
    USBD_P_WakeUp_Event                      0x08016350   Data           4  usb_config.o(.constdata)
    USBD_P_SOF_Event                         0x08016354   Data           4  usb_config.o(.constdata)
    USBD_P_Error_Event                       0x08016358   Data           4  usb_config.o(.constdata)
    USBD_P_EP                                0x0801635c   Data          64  usb_config.o(.constdata)
    USBD_P_Configure_Event                   0x0801639c   Data           4  usb_config.o(.constdata)
    USBD_P_Interface_Event                   0x080163a0   Data           4  usb_config.o(.constdata)
    USBD_P_Feature_Event                     0x080163a4   Data           4  usb_config.o(.constdata)
    __rtx                                    0x080163a8   Data           4  usb_config.o(.constdata)
    USBD_HID_ReportDescriptor                0x080163ac   Data          33  usb_config.o(.constdata)
    USBD_HID_ReportDescriptorSize            0x080163ce   Data           2  usb_config.o(.constdata)
    USBD_HID_DescriptorOffset                0x080163d0   Data           2  usb_config.o(.constdata)
    USBD_DeviceDescriptor                    0x080163d2   Data          18  usb_config.o(.constdata)
    USBD_DeviceQualifier                     0x080163e4   Data           1  usb_config.o(.constdata)
    USBD_DeviceQualifier_HS                  0x080163e5   Data           1  usb_config.o(.constdata)
    USBD_ConfigDescriptor                    0x080163e6   Data          42  usb_config.o(.constdata)
    USBD_ConfigDescriptor_HS                 0x08016410   Data           1  usb_config.o(.constdata)
    USBD_OtherSpeedConfigDescriptor          0x08016411   Data           1  usb_config.o(.constdata)
    USBD_OtherSpeedConfigDescriptor_HS       0x08016412   Data           1  usb_config.o(.constdata)
    USBD_StringDescriptor                    0x08016414   Data         128  usb_config.o(.constdata)
    Region$$Table$$Base                      0x08016510   Number         0  anon$$obj.o(Region$$Table)
    Region$$Table$$Limit                     0x08016530   Number         0  anon$$obj.o(Region$$Table)
    Init_Finish                              0x20000000   Data           1  main.o(.data)
    loop_cnt                                 0x20000002   Data           2  scheduler.o(.data)
    flash_init_error                         0x20000004   Data           1  parameter.o(.data)
    thr_value                                0x20000008   Data           4  ctrl.o(.data)
    Thr_Low                                  0x2000000c   Data           1  ctrl.o(.data)
    Thr_Weight                               0x20000010   Data           4  ctrl.o(.data)
    Roll                                     0x2000001c   Data           4  imu.o(.data)
    Pitch                                    0x20000020   Data           4  imu.o(.data)
    Yaw                                      0x20000024   Data           4  imu.o(.data)
    ref_q                                    0x20000028   Data          16  imu.o(.data)
    norm_acc                                 0x20000038   Data           4  imu.o(.data)
    norm_q                                   0x2000003c   Data           4  imu.o(.data)
    norm_acc_lpf                             0x20000040   Data           4  imu.o(.data)
    mag_norm                                 0x20000044   Data           4  imu.o(.data)
    mag_norm_xyz                             0x20000048   Data           4  imu.o(.data)
    acc_ng_cali                              0x2000004c   Data           1  imu.o(.data)
    fast_atan_table                          0x20000058   Data        1028  mymath.o(.data)
    checkdata_to_send                        0x2000045c   Data           1  data_transfer.o(.data)
    checksum_to_send                         0x2000045d   Data           1  data_transfer.o(.data)
    flash_save_en_cnt                        0x2000045e   Data           2  data_transfer.o(.data)
    CH_in_Mapping                            0x20000470   Data           8  rc.o(.data)
    rc_lose                                  0x20000478   Data           1  rc.o(.data)
    NS                                       0x20000479   Data           1  rc.o(.data)
    CH_Error                                 0x2000047a   Data           8  rc.o(.data)
    NS_cnt                                   0x20000482   Data           2  rc.o(.data)
    MAX_CH                                   0x20000484   Data          16  rc.o(.data)
    MIN_CH                                   0x20000494   Data          16  rc.o(.data)
    CH_DIR                                   0x200004a4   Data           8  rc.o(.data)
    filter_A                                 0x200004ac   Data           4  rc.o(.data)
    fly_ready                                0x200004b0   Data           1  rc.o(.data)
    thr_stick_low                            0x200004b1   Data           1  rc.o(.data)
    ready_cnt                                0x200004b2   Data           2  rc.o(.data)
    mag_cali_cnt                             0x200004b4   Data           2  rc.o(.data)
    locked_cnt                               0x200004b6   Data           2  rc.o(.data)
    USBD_AltSetting                          0x200004b8   Data           1  usb_config.o(.data)
    USBD_HID_PollingCnt                      0x200004ba   Data           2  usb_config.o(.data)
    USBD_HID_IdleCnt                         0x200004bc   Data           1  usb_config.o(.data)
    USBD_HID_IdleReload                      0x200004bd   Data           1  usb_config.o(.data)
    USBD_HID_IdleSet                         0x200004be   Data           1  usb_config.o(.data)
    USBD_HID_FeatReport                      0x200004bf   Data           2  usb_config.o(.data)
    HID_SEND_TIMEOUT                         0x200004c1   Data           1  usbd_user_hid.o(.data)
    hid_datatemp_begin                       0x200004c2   Data           1  usbd_user_hid.o(.data)
    hid_datatemp_end                         0x200004c3   Data           1  usbd_user_hid.o(.data)
    set_height_e                             0x200004d4   Data           4  height_ctrl.o(.data)
    set_height_em                            0x200004d8   Data           4  height_ctrl.o(.data)
    set_speed_t                              0x200004dc   Data           4  height_ctrl.o(.data)
    set_speed                                0x200004e0   Data           4  height_ctrl.o(.data)
    exp_speed                                0x200004e4   Data           4  height_ctrl.o(.data)
    fb_speed                                 0x200004e8   Data           4  height_ctrl.o(.data)
    exp_acc                                  0x200004ec   Data           4  height_ctrl.o(.data)
    fb_acc                                   0x200004f0   Data           4  height_ctrl.o(.data)
    fb_speed_old                             0x200004f4   Data           4  height_ctrl.o(.data)
    thr_take_off_f                           0x200004f8   Data           1  height_ctrl.o(.data)
    auto_take_off                            0x200004f9   Data           1  height_ctrl.o(.data)
    auto_land                                0x200004fa   Data           1  height_ctrl.o(.data)
    height_ref                               0x200004fc   Data           4  height_ctrl.o(.data)
    thr_set                                  0x20000500   Data           4  height_ctrl.o(.data)
    thr_pid_out                              0x20000504   Data           4  height_ctrl.o(.data)
    thr_out                                  0x20000508   Data           4  height_ctrl.o(.data)
    thr_take_off                             0x2000050c   Data           4  height_ctrl.o(.data)
    tilted_fix                               0x20000510   Data           4  height_ctrl.o(.data)
    en_old                                   0x20000514   Data           4  height_ctrl.o(.data)
    ex_i_en_f                                0x20000518   Data           1  height_ctrl.o(.data)
    ex_i_en                                  0x20000519   Data           1  height_ctrl.o(.data)
    mode_state                               0x2000052c   Data           1  fly_mode.o(.data)
    mode_state_old                           0x2000052d   Data           1  fly_mode.o(.data)
    sonar_av_cnt                             0x20000530   Data           2  anotc_baro_ctrl.o(.data)
    sonar_f_set                              0x20000534   Data          24  anotc_baro_ctrl.o(.data)
    baro_av_cnt                              0x2000054c   Data           2  anotc_baro_ctrl.o(.data)
    baro_f_set                               0x20000550   Data          24  anotc_baro_ctrl.o(.data)
    sonar_weight                             0x20000568   Data           4  anotc_baro_ctrl.o(.data)
    wz_speed                                 0x2000056c   Data           4  anotc_baro_ctrl.o(.data)
    baro_com_val                             0x20000570   Data           4  anotc_baro_ctrl.o(.data)
    sysTickUptime                            0x20000584   Data           4  time.o(.data)
    time_1h                                  0x20000588   Data           4  time.o(.data)
    time_1m                                  0x2000058c   Data           4  time.o(.data)
    time_1s                                  0x20000590   Data           4  time.o(.data)
    time_1ms                                 0x20000594   Data           4  time.o(.data)
    CH_out_Mapping                           0x200005b8   Data           4  pwm_out.o(.data)
    I2C_FastMode                             0x200005bc   Data           1  i2c_soft.o(.data)
    mpu6050_ok                               0x200005c0   Data           1  mpu6050.o(.data)
    acc_sum_cnt                              0x200005c2   Data           2  mpu6050.o(.data)
    gyro_sum_cnt                             0x200005c4   Data           2  mpu6050.o(.data)
    filter_cnt                               0x200005c6   Data           1  mpu6050.o(.data)
    filter_cnt_old                           0x200005c7   Data           1  mpu6050.o(.data)
    test_ang                                 0x200005c8   Data           4  mpu6050.o(.data)
    test_ang_old                             0x200005cc   Data           4  mpu6050.o(.data)
    test_ang_d                               0x200005d0   Data           4  mpu6050.o(.data)
    test_fli_a                               0x200005d4   Data           4  mpu6050.o(.data)
    test_i                                   0x200005d8   Data           4  mpu6050.o(.data)
    ak8975                                   0x200005dc   Data          44  ak8975.o(.data)
    ak8975_ok                                0x20000608   Data           1  ak8975.o(.data)
    Mag_CALIBRATED                           0x20000609   Data           1  ak8975.o(.data)
    led_accuracy                             0x20000628   Data           2  led.o(.data)
    LED_Brightness                           0x2000062c   Data          16  led.o(.data)
    light                                    0x2000064c   Data           3  led.o(.data)
    baro_height_old                          0x20000660   Data           4  ms5611.o(.data)
    baro_Offset                              0x20000664   Data           4  ms5611.o(.data)
    ms5611_ut                                0x20000668   Data           4  ms5611.o(.data)
    ms5611_up                                0x2000066c   Data           4  ms5611.o(.data)
    t_rxbuf                                  0x20000670   Data           3  ms5611.o(.data)
    p_rxbuf                                  0x20000673   Data           3  ms5611.o(.data)
    ms5611_ok                                0x20000676   Data           1  ms5611.o(.data)
    temperature_5611                         0x20000678   Data           4  ms5611.o(.data)
    moavcnt                                  0x2000067c   Data           2  ms5611.o(.data)
    TxCounter                                0x20000686   Data           1  usart.o(.data)
    count                                    0x20000687   Data           1  usart.o(.data)
    Tx5Counter                               0x20000688   Data           1  usart.o(.data)
    count5                                   0x20000689   Data           1  usart.o(.data)
    OutMaxPacketSize                         0x2000068c   Data          16  usbd_stm32f4xx_fs.o(.data)
    InPacketDataPtr                          0x2000069c   Data          16  usbd_stm32f4xx_fs.o(.data)
    InPacketDataReady                        0x200006ac   Data           4  usbd_stm32f4xx_fs.o(.data)
    SyncWriteEP                              0x200006b0   Data           4  usbd_stm32f4xx_fs.o(.data)
    IsoOutTokenRead                          0x200006b4   Data           4  usbd_stm32f4xx_fs.o(.data)
    ultra_start_f                            0x200006bc   Data           1  ultrasonic.o(.data)
    ultra_distance_old                       0x200006be   Data           2  ultrasonic.o(.data)
    SystemCoreClock                          0x200006d4   Data           4  system_stm32f4xx.o(.data)
    AHBPrescTable                            0x200006d8   Data          16  system_stm32f4xx.o(.data)
    USBD_DeviceStatus                        0x200006e8   Data           2  usbd_core.o(.data)
    USBD_DeviceAddress                       0x200006ea   Data           1  usbd_core.o(.data)
    USBD_Configuration                       0x200006eb   Data           1  usbd_core.o(.data)
    USBD_EndPointMask                        0x200006ec   Data           4  usbd_core.o(.data)
    USBD_EndPointHalt                        0x200006f0   Data           4  usbd_core.o(.data)
    USBD_EndPointStall                       0x200006f4   Data           4  usbd_core.o(.data)
    USBD_NumInterfaces                       0x200006f8   Data           1  usbd_core.o(.data)
    USBD_HighSpeed                           0x200006f9   Data           1  usbd_core.o(.data)
    USBD_ZLP                                 0x200006fa   Data           1  usbd_core.o(.data)
    USBD_EP0Data                             0x200006fc   Data           8  usbd_core.o(.data)
    USBD_SetupPacket                         0x20000704   Data           8  usbd_core.o(.data)
    USBD_HID_Protocol                        0x2000070c   Data           1  usbd_hid.o(.data)
    DataOutAsyncReq                          0x20000710   Data           4  usbd_hid.o(.data)
    DataOutUpdateReqMask                     0x20000714   Data           4  usbd_hid.o(.data)
    ptrDataOut                               0x20000718   Data           4  usbd_hid.o(.data)
    DataOutToSendLen                         0x2000071c   Data           2  usbd_hid.o(.data)
    DataOutSentLen                           0x2000071e   Data           2  usbd_hid.o(.data)
    DataOutEndWithShortPacket                0x20000720   Data           4  usbd_hid.o(.data)
    ptrDataIn                                0x20000724   Data           4  usbd_hid.o(.data)
    DataInReceLen                            0x20000728   Data           2  usbd_hid.o(.data)
    ptrDataFeat                              0x2000072c   Data           4  usbd_hid.o(.data)
    DataFeatReceLen                          0x20000730   Data           2  usbd_hid.o(.data)
    loop                                     0x20000748   Data          16  scheduler.o(.bss)
    test                                     0x20000758   Data          20  scheduler.o(.bss)
    sensor_setup                             0x2000076c   Data          64  parameter.o(.bss)
    pid_setup                                0x200007ac   Data         192  parameter.o(.bss)
    ctrl_1                                   0x200028e0   Data         196  ctrl.o(.bss)
    ctrl_2                                   0x200029a4   Data         196  ctrl.o(.bss)
    except_A                                 0x20002a68   Data          12  ctrl.o(.bss)
    ctrl_angle_offset                        0x20002a74   Data          12  ctrl.o(.bss)
    compensation                             0x20002a80   Data          12  ctrl.o(.bss)
    except_AS                                0x20002a8c   Data          12  ctrl.o(.bss)
    g_old                                    0x20002a98   Data          28  ctrl.o(.bss)
    motor                                    0x20002ab4   Data          16  ctrl.o(.bss)
    posture_value                            0x20002ac4   Data          16  ctrl.o(.bss)
    curve                                    0x20002ad4   Data          16  ctrl.o(.bss)
    reference_v                              0x20002ae4   Data          12  imu.o(.bss)
    ref                                      0x20002af0   Data          60  imu.o(.bss)
    mag_sim_3d                               0x20002b2c   Data          12  imu.o(.bss)
    acc_3d_hg                                0x20002b38   Data          12  imu.o(.bss)
    acc_ng                                   0x20002b44   Data          12  imu.o(.bss)
    acc_ng_offset                            0x20002b50   Data          12  imu.o(.bss)
    f                                        0x20002b68   Data          20  data_transfer.o(.bss)
    data_to_send                             0x20002b7c   Data          50  data_transfer.o(.bss)
    RX_CH                                    0x20002bae   Data          16  data_transfer.o(.bss)
    CH                                       0x20002bf0   Data          16  rc.o(.bss)
    CH_Old                                   0x20002c00   Data          32  rc.o(.bss)
    CH_filter                                0x20002c20   Data          32  rc.o(.bss)
    CH_filter_Old                            0x20002c40   Data          32  rc.o(.bss)
    CH_filter_D                              0x20002c60   Data          32  rc.o(.bss)
    CLR_CH_Error                             0x20002c80   Data          16  rc.o(.bss)
    USBD_EP0Buf                              0x20002ca0   Data          64  usb_config.o(.bss)
    USBD_HID_InReport                        0x20002ce0   Data          65  usb_config.o(.bss)
    USBD_HID_OutReport                       0x20002d21   Data          65  usb_config.o(.bss)
    stk_usb_msc_task                         0x20002d68   Data         600  usb_config.o(.bss)
    hid_datatemp                             0x20002fc0   Data         256  usbd_user_hid.o(.bss)
    hid_data2send                            0x200030c0   Data          64  usbd_user_hid.o(.bss)
    string_auth                              0x20003100   Data          29  version.o(.bss)
    string_auth_descriptor                   0x2000311d   Data          52  version.o(.bss)
    hc_value                                 0x20003154   Data          24  height_ctrl.o(.bss)
    h_acc_arg                                0x2000316c   Data          28  height_ctrl.o(.bss)
    h_speed_arg                              0x20003188   Data          28  height_ctrl.o(.bss)
    h_height_arg                             0x200031a4   Data          28  height_ctrl.o(.bss)
    h_acc_val                                0x200031c0   Data          36  height_ctrl.o(.bss)
    h_speed_val                              0x200031e4   Data          36  height_ctrl.o(.bss)
    h_height_val                             0x20003208   Data          36  height_ctrl.o(.bss)
    mode_value                               0x2000322c   Data          10  fly_mode.o(.bss)
    sonar_av_arr                             0x20003238   Data         200  anotc_baro_ctrl.o(.bss)
    sonar                                    0x20003300   Data          24  anotc_baro_ctrl.o(.bss)
    sonar_fusion                             0x20003318   Data          68  anotc_baro_ctrl.o(.bss)
    baro_av_arr                              0x2000335c   Data         400  anotc_baro_ctrl.o(.bss)
    baro_p                                   0x200034ec   Data          24  anotc_baro_ctrl.o(.bss)
    baro_fusion                              0x20003504   Data          68  anotc_baro_ctrl.o(.bss)
    Cycle_T                                  0x20003548   Data          60  time.o(.bss)
    Rc_Pwm_In                                0x20003584   Data          16  pwm_in.o(.bss)
    mpu6050                                  0x20003594   Data         128  mpu6050.o(.bss)
    mpu6050_buffer                           0x20003614   Data          14  mpu6050.o(.bss)
    sum_temp                                 0x20003624   Data          28  mpu6050.o(.bss)
    FILT_BUF                                 0x20003640   Data         154  mpu6050.o(.bss)
    mpu6050_tmp                              0x200036dc   Data          28  mpu6050.o(.bss)
    mpu_fil_tmp                              0x200036f8   Data          28  mpu6050.o(.bss)
    ms5611_prom                              0x20003720   Data          16  ms5611.o(.bss)
    baro                                     0x20003730   Data          20  ms5611.o(.bss)
    mo_av_baro                               0x20003744   Data          20  ms5611.o(.bss)
    TxBuffer                                 0x20003758   Data         256  usart.o(.bss)
    Rx_Buf                                   0x20003858   Data         256  usart.o(.bss)
    Tx5Buffer                                0x20003958   Data         256  usart.o(.bss)
    HID_IntInPacketData                      0x20003a58   Data          64  usbd_stm32f4xx_fs.o(.bss)
    IsoOutPacketDataPtr                      0x20003a98   Data          16  usbd_stm32f4xx_fs.o(.bss)
    InPacketDataCnt                          0x20003aa8   Data          16  usbd_stm32f4xx_fs.o(.bss)
    IsoOutPacketDataCnt                      0x20003ab8   Data          16  usbd_stm32f4xx_fs.o(.bss)
    ultra                                    0x20003ad4   Data          20  ultrasonic.o(.bss)
    __initial_sp                             0x200042e8   Data           0  startup_stm32f4xx.o(STACK)



==============================================================================

Memory Map of the image

  Image Entry point : 0x08000189

  Load Region LR_IROM1 (Base: 0x08000000, Size: 0x00016c78, Max: 0x00100000, ABSOLUTE, COMPRESSED[0x000169c0])

    Execution Region ER_IROM1 (Base: 0x08000000, Size: 0x00016530, Max: 0x00100000, ABSOLUTE)

    Base Addr    Size         Type   Attr      Idx    E Section Name        Object

    0x08000000   0x00000188   Data   RO         1453    RESET               startup_stm32f4xx.o
    0x08000188   0x00000000   Code   RO         1592  * .ARM.Collect$$$$00000000  mc_w.l(entry.o)
    0x08000188   0x00000004   Code   RO         1653    .ARM.Collect$$$$00000001  mc_w.l(entry2.o)
    0x0800018c   0x00000004   Code   RO         1656    .ARM.Collect$$$$00000004  mc_w.l(entry5.o)
    0x08000190   0x00000000   Code   RO         1658    .ARM.Collect$$$$00000008  mc_w.l(entry7b.o)
    0x08000190   0x00000000   Code   RO         1660    .ARM.Collect$$$$0000000A  mc_w.l(entry8b.o)
    0x08000190   0x00000008   Code   RO         1661    .ARM.Collect$$$$0000000B  mc_w.l(entry9a.o)
    0x08000198   0x00000000   Code   RO         1663    .ARM.Collect$$$$0000000D  mc_w.l(entry10a.o)
    0x08000198   0x00000000   Code   RO         1665    .ARM.Collect$$$$0000000F  mc_w.l(entry11a.o)
    0x08000198   0x00000004   Code   RO         1654    .ARM.Collect$$$$00002712  mc_w.l(entry2.o)
    0x0800019c   0x00000018   Code   RO            2    .text               main.o
    0x080001b4   0x00000048   Code   RO          131    .text               stm32f4xx_it.o
    0x080001fc   0x00000264   Code   RO          252    .text               scheduler.o
    0x08000460   0x0000008c   Code   RO          325    .text               init.o
    0x080004ec   0x000005c4   Code   RO          387    .text               parameter.o
    0x08000ab0   0x000011c0   Code   RO          439    .text               ctrl.o
    0x08001c70   0x00000a38   Code   RO          466    .text               imu.o
    0x080026a8   0x00000720   Code   RO          496    .text               mymath.o
    0x08002dc8   0x00001ca8   Code   RO          515    .text               data_transfer.o
    0x08004a70   0x0000070c   Code   RO          566    .text               rc.o
    0x0800517c   0x00000052   Code   RO          597    .text               usb_config.o
    0x080051ce   0x00000002   PAD
    0x080051d0   0x0000024c   Code   RO          672    .text               usbd_user_hid.o
    0x0800541c   0x00000020   Code   RO          698    .text               version.o
    0x0800543c   0x00000404   Code   RO          721    .text               filter.o
    0x08005840   0x00000bbc   Code   RO          738    .text               height_ctrl.o
    0x080063fc   0x00000068   Code   RO          784    .text               fly_mode.o
    0x08006464   0x00000698   Code   RO          807    .text               anotc_baro_ctrl.o
    0x08006afc   0x000001a0   Code   RO          830    .text               pid.o
    0x08006c9c   0x00000280   Code   RO          846    .text               time.o
    0x08006f1c   0x000006c4   Code   RO          881    .text               pwm_in.o
    0x080075e0   0x00000380   Code   RO          908    .text               pwm_out.o
    0x08007960   0x000003a8   Code   RO          933    .text               i2c_soft.o
    0x08007d08   0x000009bc   Code   RO          959    .text               mpu6050.o
    0x080086c4   0x00000464   Code   RO          987    .text               ak8975.o
    0x08008b28   0x00000a40   Code   RO         1010    .text               led.o
    0x08009568   0x000003d0   Code   RO         1040    .text               ms5611.o
    0x08009938   0x0000032c   Code   RO         1070    .text               usart.o
    0x08009c64   0x000012b8   Code   RO         1125    .text               usbd_stm32f4xx_fs.o
    0x0800af1c   0x00000444   Code   RO         1152    .text               drv_w25qxx.o
    0x0800b360   0x00000108   Code   RO         1177    .text               ultrasonic.o
    0x0800b468   0x000001ec   Code   RO         1204    .text               misc.o
    0x0800b654   0x00000916   Code   RO         1300    .text               stm32f4xx_gpio.o
    0x0800bf6a   0x00000002   PAD
    0x0800bf6c   0x00000d7c   Code   RO         1348    .text               stm32f4xx_rcc.o
    0x0800cce8   0x00000bc8   Code   RO         1366    .text               stm32f4xx_spi.o
    0x0800d8b0   0x00003294   Code   RO         1398    .text               stm32f4xx_tim.o
    0x08010b44   0x00000eb4   Code   RO         1414    .text               stm32f4xx_usart.o
    0x080119f8   0x00000210   Code   RO         1430    .text               system_stm32f4xx.o
    0x08011c08   0x00000024   Code   RO         1454    .text               startup_stm32f4xx.o
    0x08011c2c   0x00000a48   Code   RO         1459    .text               usbd_core.o
    0x08012674   0x000001b0   Code   RO         1503    .text               usbd_core_hid.o
    0x08012824   0x00000604   Code   RO         1515    .text               usbd_hid.o
    0x08012e28   0x000000f0   Code   RO         1531    .text               diskio.o
    0x08012f18   0x0000278c   Code   RO         1557    .text               ff.o
    0x080156a4   0x00000024   Code   RO         1595    .text               mc_w.l(memcpya.o)
    0x080156c8   0x00000024   Code   RO         1597    .text               mc_w.l(memseta.o)
    0x080156ec   0x0000000e   Code   RO         1599    .text               mc_w.l(strlen.o)
    0x080156fa   0x0000014e   Code   RO         1603    .text               mf_w.l(dadd.o)
    0x08015848   0x000000e4   Code   RO         1605    .text               mf_w.l(dmul.o)
    0x0801592c   0x00000022   Code   RO         1607    .text               mf_w.l(dflti.o)
    0x0801594e   0x00000026   Code   RO         1609    .text               mf_w.l(f2d.o)
    0x08015974   0x00000030   Code   RO         1611    .text               mf_w.l(cdcmple.o)
    0x080159a4   0x00000030   Code   RO         1613    .text               mf_w.l(cdrcmple.o)
    0x080159d4   0x00000038   Code   RO         1615    .text               mf_w.l(d2f.o)
    0x08015a0c   0x0000001e   Code   RO         1667    .text               mc_w.l(llshl.o)
    0x08015a2a   0x00000024   Code   RO         1669    .text               mc_w.l(llsshr.o)
    0x08015a4e   0x00000000   Code   RO         1678    .text               mc_w.l(iusefp.o)
    0x08015a4e   0x0000006e   Code   RO         1679    .text               mf_w.l(fepilogue.o)
    0x08015abc   0x000000ba   Code   RO         1681    .text               mf_w.l(depilogue.o)
    0x08015b76   0x000000de   Code   RO         1683    .text               mf_w.l(ddiv.o)
    0x08015c54   0x00000024   Code   RO         1687    .text               mc_w.l(init.o)
    0x08015c78   0x00000020   Code   RO         1689    .text               mc_w.l(llushr.o)
    0x08015c98   0x000000a2   Code   RO         1691    .text               mf_w.l(dsqrt.o)
    0x08015d3a   0x00000056   Code   RO         1701    .text               mc_w.l(__dczerorl2.o)
    0x08015d90   0x00000030   Code   RO         1637    i.__ARM_fpclassify  m_wm.l(fpclassify.o)
    0x08015dc0   0x00000360   Code   RO         1578    i.__hardfp_asin     m_wm.l(asin.o)
    0x08016120   0x000000f8   Code   RO         1639    i.__kernel_poly     m_wm.l(poly.o)
    0x08016218   0x00000014   Code   RO         1618    i.__mathlib_dbl_infnan  m_wm.l(dunder.o)
    0x0801622c   0x00000004   PAD
    0x08016230   0x00000020   Code   RO         1620    i.__mathlib_dbl_invalid  m_wm.l(dunder.o)
    0x08016250   0x00000020   Code   RO         1623    i.__mathlib_dbl_underflow  m_wm.l(dunder.o)
    0x08016270   0x0000000e   Code   RO         1695    i.__scatterload_copy  mc_w.l(handlers.o)
    0x0801627e   0x00000002   Code   RO         1696    i.__scatterload_null  mc_w.l(handlers.o)
    0x08016280   0x0000000e   Code   RO         1697    i.__scatterload_zeroinit  mc_w.l(handlers.o)
    0x0801628e   0x00000002   PAD
    0x08016290   0x0000000c   Code   RO         1673    i.__set_errno       mc_w.l(errno.o)
    0x0801629c   0x00000018   Code   RO         1633    i.fabs              m_wm.l(fabs.o)
    0x080162b4   0x0000006e   Code   RO         1643    i.sqrt              m_wm.l(sqrt.o)
    0x08016322   0x00000002   PAD
    0x08016324   0x00000170   Data   RO          599    .constdata          usb_config.o
    0x08016494   0x0000002c   Data   RO         1558    .constdata          ff.o
    0x080164c0   0x00000050   Data   RO         1581    .constdata          m_wm.l(asin.o)
    0x08016510   0x00000020   Data   RO         1693    Region$$Table       anon$$obj.o


    Execution Region RW_IRAM1 (Base: 0x20000000, Size: 0x000042e8, Max: 0x00020000, ABSOLUTE, COMPRESSED[0x00000490])

    Base Addr    Size         Type   Attr      Idx    E Section Name        Object

    0x20000000   0x00000001   Data   RW            3    .data               main.o
    0x20000001   0x00000001   PAD
    0x20000002   0x00000002   Data   RW          254    .data               scheduler.o
    0x20000004   0x00000001   Data   RW          389    .data               parameter.o
    0x20000005   0x00000003   PAD
    0x20000008   0x00000014   Data   RW          441    .data               ctrl.o
    0x2000001c   0x0000003c   Data   RW          468    .data               imu.o
    0x20000058   0x00000404   Data   RW          497    .data               mymath.o
    0x2000045c   0x00000011   Data   RW          517    .data               data_transfer.o
    0x2000046d   0x00000003   PAD
    0x20000470   0x00000048   Data   RW          568    .data               rc.o
    0x200004b8   0x00000009   Data   RW          600    .data               usb_config.o
    0x200004c1   0x00000004   Data   RW          674    .data               usbd_user_hid.o
    0x200004c5   0x00000003   PAD
    0x200004c8   0x0000000c   Data   RW          722    .data               filter.o
    0x200004d4   0x00000058   Data   RW          740    .data               height_ctrl.o
    0x2000052c   0x00000002   Data   RW          786    .data               fly_mode.o
    0x2000052e   0x00000002   PAD
    0x20000530   0x00000054   Data   RW          809    .data               anotc_baro_ctrl.o
    0x20000584   0x00000014   Data   RW          848    .data               time.o
    0x20000598   0x00000020   Data   RW          883    .data               pwm_in.o
    0x200005b8   0x00000004   Data   RW          909    .data               pwm_out.o
    0x200005bc   0x00000001   Data   RW          934    .data               i2c_soft.o
    0x200005bd   0x00000003   PAD
    0x200005c0   0x0000001c   Data   RW          961    .data               mpu6050.o
    0x200005dc   0x0000004a   Data   RW          989    .data               ak8975.o
    0x20000626   0x00000002   PAD
    0x20000628   0x00000035   Data   RW         1011    .data               led.o
    0x2000065d   0x00000003   PAD
    0x20000660   0x00000026   Data   RW         1042    .data               ms5611.o
    0x20000686   0x00000004   Data   RW         1072    .data               usart.o
    0x2000068a   0x00000002   PAD
    0x2000068c   0x00000030   Data   RW         1127    .data               usbd_stm32f4xx_fs.o
    0x200006bc   0x00000005   Data   RW         1179    .data               ultrasonic.o
    0x200006c1   0x00000010   Data   RW         1349    .data               stm32f4xx_rcc.o
    0x200006d1   0x00000003   PAD
    0x200006d4   0x00000014   Data   RW         1431    .data               system_stm32f4xx.o
    0x200006e8   0x00000024   Data   RW         1460    .data               usbd_core.o
    0x2000070c   0x00000027   Data   RW         1516    .data               usbd_hid.o
    0x20000733   0x00000001   PAD
    0x20000734   0x00000004   Data   RW         1532    .data               diskio.o
    0x20000738   0x0000000a   Data   RW         1559    .data               ff.o
    0x20000742   0x00000002   PAD
    0x20000744   0x00000004   Data   RW         1674    .data               mc_w.l(errno.o)
    0x20000748   0x00000024   Zero   RW          253    .bss                scheduler.o
    0x2000076c   0x00002174   Zero   RW          388    .bss                parameter.o
    0x200028e0   0x00000204   Zero   RW          440    .bss                ctrl.o
    0x20002ae4   0x00000084   Zero   RW          467    .bss                imu.o
    0x20002b68   0x00000088   Zero   RW          516    .bss                data_transfer.o
    0x20002bf0   0x000000b0   Zero   RW          567    .bss                rc.o
    0x20002ca0   0x00000320   Zero   RW          598    .bss                usb_config.o
    0x20002fc0   0x00000140   Zero   RW          673    .bss                usbd_user_hid.o
    0x20003100   0x00000051   Zero   RW          699    .bss                version.o
    0x20003151   0x00000003   PAD
    0x20003154   0x000000d8   Zero   RW          739    .bss                height_ctrl.o
    0x2000322c   0x0000000a   Zero   RW          785    .bss                fly_mode.o
    0x20003236   0x00000002   PAD
    0x20003238   0x00000310   Zero   RW          808    .bss                anotc_baro_ctrl.o
    0x20003548   0x0000003c   Zero   RW          847    .bss                time.o
    0x20003584   0x00000010   Zero   RW          882    .bss                pwm_in.o
    0x20003594   0x00000180   Zero   RW          960    .bss                mpu6050.o
    0x20003714   0x0000000c   Zero   RW          988    .bss                ak8975.o
    0x20003720   0x00000038   Zero   RW         1041    .bss                ms5611.o
    0x20003758   0x00000300   Zero   RW         1071    .bss                usart.o
    0x20003a58   0x00000070   Zero   RW         1126    .bss                usbd_stm32f4xx_fs.o
    0x20003ac8   0x0000000c   Zero   RW         1153    .bss                drv_w25qxx.o
    0x20003ad4   0x00000014   Zero   RW         1178    .bss                ultrasonic.o
    0x20003ae8   0x00000800   Zero   RW         1451    STACK               startup_stm32f4xx.o


==============================================================================

Image component sizes


      Code (inc. data)   RO Data    RW Data    ZI Data      Debug   Object Name

      1124         36          0         74         12       3172   ak8975.o
      1688        176          0         84        784       4826   anotc_baro_ctrl.o
      4544        282          0         20        516       4679   ctrl.o
      7336        264          0         17        136      12079   data_transfer.o
       240          6          0          4          0       4898   diskio.o
      1092         20          0          0         12       5925   drv_w25qxx.o
     10124        112         44         10          0      28970   ff.o
      1028         24          0         12          0       2786   filter.o
       104         16          0          2         10       1332   fly_mode.o
      3004        366          0         88        216       5108   height_ctrl.o
       936         10          0          1          0       4658   i2c_soft.o
      2616        158          0         60        132       4084   imu.o
       140         16          0          0          0        627   init.o
      2624        118          0         53          0       5560   led.o
        24          4          0          1          0     236608   main.o
       492         74          0          0          0       2245   misc.o
      2492        126          0         28        384      16903   mpu6050.o
       976         96          0         38         56       4373   ms5611.o
      1824        134          0       1028          0       6083   mymath.o
      1476        126          0          1       8564       8062   parameter.o
       416         10          0          0          0       1304   pid.o
      1732        110          0         32         16       2640   pwm_in.o
       896         38          0          4          0       2614   pwm_out.o
      1804        170          0         72        176       3587   rc.o
       612         48          0          2         36       3362   scheduler.o
        36          8        392          0       2048        948   startup_stm32f4xx.o
      2326        132          0          0          0       5621   stm32f4xx_gpio.o
        72          4          0          0          0     274628   stm32f4xx_it.o
      3452        262          0         16          0      13775   stm32f4xx_rcc.o
      3016        118          0          0          0       8753   stm32f4xx_spi.o
     12948        670          0          0          0      31420   stm32f4xx_tim.o
      3764        164          0          0          0      10300   stm32f4xx_usart.o
       528         46          0         20          0       2171   system_stm32f4xx.o
       640         38          0         20         60      22669   time.o
       264         24          0          5         20       2193   ultrasonic.o
       812         40          0          4        768       3071   usart.o
        82          0        368          9        800      28058   usb_config.o
      2632        202          0         36          0       8220   usbd_core.o
       432         68          0          0          0       1848   usbd_core_hid.o
      1540        184          0         39          0       6163   usbd_hid.o
      4792        220          0         48        112      27529   usbd_stm32f4xx_fs.o
       588         24          0          4        320       3274   usbd_user_hid.o
        32         10          0          0         81       1724   version.o

    ----------------------------------------------------------------------
     87304       4754        836       1860      15264     828850   Object Totals
         0          0         32          0          0          0   (incl. Generated)
         4          0          0         28          5          0   (incl. Padding)

    ----------------------------------------------------------------------

      Code (inc. data)   RO Data    RW Data    ZI Data      Debug   Library Member Name

       864         94         80          0          0        280   asin.o
        84         16          0          0          0        372   dunder.o
        24          0          0          0          0        124   fabs.o
        48          0          0          0          0        124   fpclassify.o
       248          0          0          0          0        152   poly.o
       110          0          0          0          0        148   sqrt.o
        86          0          0          0          0          0   __dczerorl2.o
         0          0          0          0          0          0   entry.o
         0          0          0          0          0          0   entry10a.o
         0          0          0          0          0          0   entry11a.o
         8          4          0          0          0          0   entry2.o
         4          0          0          0          0          0   entry5.o
         0          0          0          0          0          0   entry7b.o
         0          0          0          0          0          0   entry8b.o
         8          4          0          0          0          0   entry9a.o
        12          6          0          4          0         68   errno.o
        30          0          0          0          0          0   handlers.o
        36          8          0          0          0         68   init.o
         0          0          0          0          0          0   iusefp.o
        30          0          0          0          0         68   llshl.o
        36          0          0          0          0         68   llsshr.o
        32          0          0          0          0         68   llushr.o
        36          0          0          0          0         68   memcpya.o
        36          0          0          0          0        108   memseta.o
        14          0          0          0          0         68   strlen.o
        48          0          0          0          0         68   cdcmple.o
        48          0          0          0          0         68   cdrcmple.o
        56          0          0          0          0         88   d2f.o
       334          0          0          0          0        148   dadd.o
       222          0          0          0          0        100   ddiv.o
       186          0          0          0          0        176   depilogue.o
        34          0          0          0          0         76   dflti.o
       228          0          0          0          0         96   dmul.o
       162          0          0          0          0        100   dsqrt.o
        38          0          0          0          0         68   f2d.o
       110          0          0          0          0        168   fepilogue.o

    ----------------------------------------------------------------------
      3220        132         80          4          0       2940   Library Totals
         8          0          0          0          0          0   (incl. Padding)

    ----------------------------------------------------------------------

      Code (inc. data)   RO Data    RW Data    ZI Data      Debug   Library Name

      1378        110         80          0          0       1200   m_wm.l
       368         22          0          4          0        584   mc_w.l
      1466          0          0          0          0       1156   mf_w.l

    ----------------------------------------------------------------------
      3220        132         80          4          0       2940   Library Totals

    ----------------------------------------------------------------------

==============================================================================


      Code (inc. data)   RO Data    RW Data    ZI Data      Debug   

     90524       4886        916       1864      15264     823242   Grand Totals
     90524       4886        916       1168      15264     823242   ELF Image Totals (compressed)
     90524       4886        916       1168          0          0   ROM Totals

==============================================================================

    Total RO  Size (Code + RO Data)                91440 (  89.30kB)
    Total RW  Size (RW Data + ZI Data)             17128 (  16.73kB)
    Total ROM Size (Code + RO Data + RW Data)      92608 (  90.44kB)

==============================================================================

